2026-05-02 09:42:06 - benchmark.cli - INFO - Starting benchmark run: bench_20260502_094206_84177375
2026-05-02 09:42:06 - benchmark.cli - INFO - Platform: rpi_ai_hat_plus_2
2026-05-02 09:42:06 - benchmark.cli - INFO - Profile: default
2026-05-02 09:42:06 - benchmark.cli - INFO - Running YOLO benchmarks...
2026-05-02 09:42:06 - benchmark.cli - INFO - Using CLI-specified YOLO model: yolov8n.pt
2026-05-02 09:42:06 - benchmark.cli - INFO - Inferred version: v8, task: detection
2026-05-02 09:42:07 - benchmark.workloads.yolo.backends.hailo - INFO - Detected Hailo device: hailo10h
2026-05-02 09:42:07 - benchmark.workloads.yolo.runner - INFO - Using backend: hailo
2026-05-02 09:42:07 - benchmark.workloads.yolo.runner - INFO - Preparing model: yolov8n.pt
2026-05-02 09:42:07 - benchmark.workloads.yolo.backends.hailo - INFO - Using cached HEF: models/hailo/hailo10h/v8/detection/yolov8n/model.hef
2026-05-02 09:42:07 - benchmark.workloads.yolo.backends.hailo - INFO - Running model sanity check (Phase 3)...
2026-05-02 09:42:07 - benchmark.workloads.yolo.conversion.validation - INFO - Validating HEF model: models/hailo/hailo10h/v8/detection/yolov8n/model.hef
2026-05-02 09:42:07 - benchmark.workloads.yolo.conversion.validation - INFO -   Task: detection
2026-05-02 09:42:08 - benchmark.workloads.yolo.conversion.validation - INFO - Test inference successful in 68.89ms
2026-05-02 09:42:08 - benchmark.workloads.yolo.conversion.validation - INFO - Model validation PASSED
2026-05-02 09:42:08 - benchmark.workloads.yolo.backends.hailo - INFO - Model validation PASSED
2026-05-02 09:42:08 - benchmark.workloads.yolo.backends.hailo - INFO -   Input layers: 1
2026-05-02 09:42:08 - benchmark.workloads.yolo.backends.hailo - INFO -   Output layers: 6
2026-05-02 09:42:08 - benchmark.workloads.yolo.backends.hailo - INFO -   Detected classes: 80
2026-05-02 09:42:08 - benchmark.workloads.yolo.backends.hailo - INFO -   Test inference: 68.89ms
2026-05-02 09:42:08 - benchmark.workloads.yolo.backends.hailo - INFO - Loading HEF: models/hailo/hailo10h/v8/detection/yolov8n/model.hef
2026-05-02 09:42:09 - benchmark.workloads.yolo.backends.hailo - INFO - HEF loaded successfully
2026-05-02 09:42:09 - benchmark.workloads.yolo.backends.hailo - INFO - Initialized post-processor for detection with 80 classes
2026-05-02 09:42:09 - benchmark.workloads.yolo.runner - INFO - Starting benchmark: 3 warmup, 10 measured runs (Phase 5 enforcement)
2026-05-02 09:42:09 - benchmark.workloads.yolo.execution - INFO - Starting warmup phase: 3 runs (excluded from metrics)
2026-05-02 09:42:09 - benchmark.workloads.yolo.execution - INFO - Starting measurement phase: 10 runs
2026-05-02 09:42:10 - benchmark.workloads.yolo.execution - INFO - Benchmark complete: 10 measured runs
2026-05-02 09:42:10 - benchmark.workloads.yolo.runner - INFO - Running validation for accuracy metrics...
2026-05-02 09:42:10 - benchmark.workloads.yolo.runner - INFO - Validation not available for Hailo backend
2026-05-02 09:42:11 - benchmark.cli - INFO -   [hailo] Throughput: 14.99 FPS, Latency: 66.72ms
2026-05-02 09:42:11 - benchmark.cli - INFO - JSON results written to: /home/vpn/Documents/Benchy/results/hw_verify_20260502_094155/bench_20260502_094206_84177375.json
2026-05-02 09:42:11 - benchmark.cli - INFO - YOLO CSV results written to: /home/vpn/Documents/Benchy/results/hw_verify_20260502_094155/bench_20260502_094206_84177375_yolo.csv

Benchmark Complete: bench_20260502_094206_84177375
----------------------------------------
YOLO models benchmarked: 1
  Average throughput: 14.99 FPS
Results saved to: /home/vpn/Documents/Benchy/results/hw_verify_20260502_094155
OK: /home/vpn/Documents/Benchy/results/hw_verify_20260502_094155/bench_20260502_094206_84177375.json (1 yolo result row(s))
