2026-05-02 09:42:52 - benchmark.cli - INFO - Starting benchmark run: bench_20260502_094252_85a93c12
2026-05-02 09:42:52 - benchmark.cli - INFO - Platform: rpi_ai_hat_plus_2
2026-05-02 09:42:52 - benchmark.cli - INFO - Profile: default
2026-05-02 09:42:52 - benchmark.cli - INFO - Running YOLO benchmarks...
2026-05-02 09:42:52 - benchmark.cli - INFO - Using CLI-specified YOLO model: yolo26n-pose.pt
2026-05-02 09:42:52 - benchmark.cli - INFO - Inferred version: v26, task: pose
2026-05-02 09:42:52 - benchmark.workloads.yolo.backends.hailo - INFO - Detected Hailo device: hailo10h
2026-05-02 09:42:52 - benchmark.workloads.yolo.runner - INFO - Using backend: hailo
2026-05-02 09:42:52 - benchmark.workloads.yolo.runner - INFO - Preparing model: yolo26n-pose.pt
2026-05-02 09:42:52 - benchmark.workloads.yolo.backends.hailo - INFO - Using cached HEF: models/hailo/hailo10h/v26/pose/yolo26n-pose/model.hef
2026-05-02 09:42:52 - benchmark.workloads.yolo.backends.hailo - INFO - Running model sanity check (Phase 3)...
2026-05-02 09:42:52 - benchmark.workloads.yolo.conversion.validation - INFO - Validating HEF model: models/hailo/hailo10h/v26/pose/yolo26n-pose/model.hef
2026-05-02 09:42:52 - benchmark.workloads.yolo.conversion.validation - INFO -   Task: pose
2026-05-02 09:42:53 - benchmark.workloads.yolo.conversion.validation - INFO - Test inference successful in 62.49ms
2026-05-02 09:42:53 - benchmark.workloads.yolo.conversion.validation - INFO - Model validation PASSED
2026-05-02 09:42:53 - benchmark.workloads.yolo.backends.hailo - INFO - Model validation PASSED
2026-05-02 09:42:53 - benchmark.workloads.yolo.backends.hailo - INFO -   Input layers: 1
2026-05-02 09:42:53 - benchmark.workloads.yolo.backends.hailo - INFO -   Output layers: 9
2026-05-02 09:42:53 - benchmark.workloads.yolo.backends.hailo - INFO -   Detected classes: 1
2026-05-02 09:42:53 - benchmark.workloads.yolo.backends.hailo - INFO -   Test inference: 62.49ms
2026-05-02 09:42:53 - benchmark.workloads.yolo.backends.hailo - INFO - Loading HEF: models/hailo/hailo10h/v26/pose/yolo26n-pose/model.hef
2026-05-02 09:42:54 - benchmark.workloads.yolo.backends.hailo - INFO - HEF loaded successfully
2026-05-02 09:42:54 - benchmark.workloads.yolo.backends.hailo - INFO - Initialized post-processor for pose with 1 classes
2026-05-02 09:42:54 - benchmark.workloads.yolo.runner - INFO - Starting benchmark: 3 warmup, 10 measured runs (Phase 5 enforcement)
2026-05-02 09:42:54 - benchmark.workloads.yolo.execution - INFO - Starting warmup phase: 3 runs (excluded from metrics)
2026-05-02 09:42:54 - benchmark.workloads.yolo.execution - INFO - Starting measurement phase: 10 runs
2026-05-02 09:42:55 - benchmark.workloads.yolo.execution - INFO - Benchmark complete: 10 measured runs
2026-05-02 09:42:55 - benchmark.workloads.yolo.runner - INFO - Running validation for accuracy metrics...
2026-05-02 09:42:55 - benchmark.workloads.yolo.runner - INFO - Validation not available for Hailo backend
2026-05-02 09:42:55 - benchmark.cli - INFO -   [hailo] Throughput: 16.46 FPS, Latency: 60.76ms
2026-05-02 09:42:55 - benchmark.cli - INFO - JSON results written to: /home/vpn/Documents/Benchy/results/hw_verify_20260502_094155/bench_20260502_094252_85a93c12.json
2026-05-02 09:42:55 - benchmark.cli - INFO - YOLO CSV results written to: /home/vpn/Documents/Benchy/results/hw_verify_20260502_094155/bench_20260502_094252_85a93c12_yolo.csv

Benchmark Complete: bench_20260502_094252_85a93c12
----------------------------------------
YOLO models benchmarked: 1
  Average throughput: 16.46 FPS
Results saved to: /home/vpn/Documents/Benchy/results/hw_verify_20260502_094155
OK: /home/vpn/Documents/Benchy/results/hw_verify_20260502_094155/bench_20260502_094252_85a93c12.json (1 yolo result row(s))
