2026-05-05 02:11:34 - benchmark.cli - INFO - Starting benchmark run: bench_20260505_021134_6ad4dd21
2026-05-05 02:11:34 - benchmark.cli - INFO - Platform: rpi_ai_hat_plus
2026-05-05 02:11:34 - benchmark.cli - INFO - Profile: default
2026-05-05 02:11:34 - benchmark.cli - INFO - Running YOLO benchmarks...
2026-05-05 02:11:34 - benchmark.cli - INFO - Using CLI-specified YOLO model: yolo26n-obb.pt
2026-05-05 02:11:34 - benchmark.cli - INFO - Inferred version: v26, task: obb
2026-05-05 02:11:34 - benchmark.workloads.yolo.backends.hailo - INFO - Detected Hailo device: hailo8
2026-05-05 02:11:34 - benchmark.workloads.yolo.runner - INFO - Using backend: hailo
2026-05-05 02:11:34 - benchmark.workloads.yolo.runner - INFO - Preparing model: yolo26n-obb.pt
2026-05-05 02:11:34 - benchmark.workloads.yolo.backends.hailo - INFO - Using cached HEF: models/hailo/hailo8/v26/obb/yolo26n-obb/model.hef
2026-05-05 02:11:34 - benchmark.workloads.yolo.backends.hailo - INFO - Running model sanity check (Phase 3)...
2026-05-05 02:11:34 - benchmark.workloads.yolo.conversion.validation - INFO - Validating HEF model: models/hailo/hailo8/v26/obb/yolo26n-obb/model.hef
2026-05-05 02:11:34 - benchmark.workloads.yolo.conversion.validation - INFO -   Task: obb
[HailoRT] [error] CHECK_SUCCESS failed with status=HAILO_STREAM_NOT_ACTIVATED(72)
[HailoRT] [error] Infer request callback failed with status = HAILO_STREAM_NOT_ACTIVATED(72)
2026-05-05 02:11:34 - benchmark.workloads.yolo.conversion.validation - INFO - Test inference successful in 2.86ms
2026-05-05 02:11:34 - benchmark.workloads.yolo.conversion.validation - INFO - Model validation PASSED
2026-05-05 02:11:34 - benchmark.workloads.yolo.backends.hailo - INFO - Model validation PASSED
2026-05-05 02:11:34 - benchmark.workloads.yolo.backends.hailo - INFO -   Input layers: 1
2026-05-05 02:11:34 - benchmark.workloads.yolo.backends.hailo - INFO -   Output layers: 9
2026-05-05 02:11:34 - benchmark.workloads.yolo.backends.hailo - INFO -   Detected classes: 15
2026-05-05 02:11:34 - benchmark.workloads.yolo.backends.hailo - INFO -   Test inference: 2.86ms
2026-05-05 02:11:34 - benchmark.workloads.yolo.backends.hailo - INFO - Loading HEF: models/hailo/hailo8/v26/obb/yolo26n-obb/model.hef
2026-05-05 02:11:34 - benchmark.workloads.yolo.backends.hailo - INFO - HEF loaded successfully
2026-05-05 02:11:34 - benchmark.workloads.yolo.backends.hailo - INFO - Initialized post-processor for obb with 15 classes
2026-05-05 02:11:34 - benchmark.workloads.yolo.runner - INFO - Starting benchmark: 3 warmup, 10 measured runs (Phase 5 enforcement)
2026-05-05 02:11:34 - benchmark.workloads.yolo.execution - INFO - Starting warmup phase: 3 runs (excluded from metrics)
2026-05-05 02:11:34 - benchmark.workloads.yolo.execution - INFO - Starting measurement phase: 10 runs
2026-05-05 02:11:34 - benchmark.workloads.yolo.execution - INFO - Benchmark complete: 10 measured runs
2026-05-05 02:11:34 - benchmark.workloads.yolo.runner - INFO - Running validation for accuracy metrics...
2026-05-05 02:11:34 - benchmark.workloads.yolo.runner - INFO - Validation not available for Hailo backend
2026-05-05 02:11:34 - benchmark.cli - INFO -   [hailo] Throughput: 61.14 FPS, Latency: 16.36ms
2026-05-05 02:11:34 - benchmark.cli - INFO - JSON results written to: /home/snpi/Documents/Benchy/results/rpi_ai_hat_plus/hw_verify_20260505_021117/bench_20260505_021134_6ad4dd21.json
2026-05-05 02:11:34 - benchmark.cli - INFO - YOLO CSV results written to: /home/snpi/Documents/Benchy/results/rpi_ai_hat_plus/hw_verify_20260505_021117/bench_20260505_021134_6ad4dd21_yolo.csv

Benchmark Complete: bench_20260505_021134_6ad4dd21
----------------------------------------
YOLO models benchmarked: 1
  Average throughput: 61.14 FPS
Results saved to: /home/snpi/Documents/Benchy/results/rpi_ai_hat_plus/hw_verify_20260505_021117
OK: /home/snpi/Documents/Benchy/results/rpi_ai_hat_plus/hw_verify_20260505_021117/bench_20260505_021134_6ad4dd21.json (1 yolo result row(s))
