2026-05-01 10:57:33 - benchmark.cli - INFO - Starting benchmark run: bench_20260501_105733_c6eb994d
2026-05-01 10:57:33 - benchmark.cli - INFO - Platform: rpi_ai_hat_plus
2026-05-01 10:57:33 - benchmark.cli - INFO - Profile: default
2026-05-01 10:57:33 - benchmark.cli - INFO - Running YOLO benchmarks...
2026-05-01 10:57:33 - benchmark.cli - INFO - Using CLI-specified YOLO model: yolo11n-seg.pt
2026-05-01 10:57:33 - benchmark.cli - INFO - Inferred version: v11, task: segmentation
2026-05-01 10:57:33 - benchmark.workloads.yolo.backends.hailo - INFO - Detected Hailo device: hailo8
2026-05-01 10:57:33 - benchmark.workloads.yolo.runner - INFO - Using backend: hailo
2026-05-01 10:57:33 - benchmark.workloads.yolo.runner - INFO - Preparing model: yolo11n-seg.pt
2026-05-01 10:57:33 - benchmark.workloads.yolo.conversion.hef_source - INFO - No prebuilt HEF for v11/segmentation/n/hailo8. Drop a file named 'v11_segmentation_n_hailo8.hef' into /home/snpi/Documents/Benchy/resources/hefs (compile on x86_64), or rely on the conversion pipeline (which requires the Hailo Dataflow Compiler — x86_64 only).
2026-05-01 10:57:33 - benchmark.workloads.yolo.backends.hailo - INFO - HEF not found at models/hailo/hailo8/v11/segmentation/yolo11n-seg/model.hef, starting conversion pipeline...
2026-05-01 10:57:33 - benchmark.workloads.yolo.backends.hailo - INFO - Starting model conversion for yolo11n-seg.pt
2026-05-01 10:57:36 - benchmark.workloads.yolo.backends.hailo - WARNING - Hailo SDK not available for HAR generation. Only ONNX export will be performed.
2026-05-01 10:57:36 - benchmark.workloads.yolo.backends.hailo - WARNING - Hailo Dataflow Compiler not available for HEF compilation. Pipeline will stop at HAR.
2026-05-01 10:57:36 - benchmark.workloads.yolo.conversion.pipeline - INFO - Starting conversion pipeline for yolo11n-seg.pt
2026-05-01 10:57:36 - benchmark.workloads.yolo.conversion.pipeline - INFO -   YOLO version: v11
2026-05-01 10:57:36 - benchmark.workloads.yolo.conversion.pipeline - INFO -   Task: segmentation
2026-05-01 10:57:36 - benchmark.workloads.yolo.conversion.pipeline - INFO -   Target: hailo8
2026-05-01 10:57:36 - benchmark.workloads.yolo.conversion.pipeline - INFO - Stage 1/3: ONNX Export
2026-05-01 10:57:36 - benchmark.workloads.yolo.conversion.onnx_export - INFO - Exporting yolo11n-seg.pt to ONNX...
2026-05-01 10:57:36 - benchmark.workloads.yolo.conversion.onnx_export - INFO -   Resolution: 640x640
2026-05-01 10:57:36 - benchmark.workloads.yolo.conversion.onnx_export - INFO -   Batch size: 1
2026-05-01 10:57:36 - benchmark.workloads.yolo.conversion.onnx_export - INFO -   Opset: 11
Ultralytics 8.4.7 🚀 Python-3.11.2 torch-2.9.1+cpu CPU (Cortex-A76)
YOLO11n-seg summary (fused): 113 layers, 2,868,664 parameters, 0 gradients, 9.7 GFLOPs

[34m[1mPyTorch:[0m starting from 'yolo11n-seg.pt' with input shape (1, 3, 640, 640) BCHW and output shape(s) ((1, 116, 8400), (1, 32, 160, 160)) (5.9 MB)

[34m[1mONNX:[0m starting export with onnx 1.21.0 opset 11...
[34m[1mONNX:[0m slimming with onnxslim 0.1.91...
[0;93m2026-05-01 10:57:39.621382869 [W:onnxruntime:Default, device_discovery.cc:283 GetGpuDevices] Failed to detect devices under "/sys/class/drm/card1": device_discovery.cc:93 ReadFileContents Failed to open file: "/sys/class/drm/card1/device/vendor"[m
[0;93m2026-05-01 10:57:39.621443924 [W:onnxruntime:Default, device_discovery.cc:283 GetGpuDevices] Failed to detect devices under "/sys/class/drm/card0": device_discovery.cc:93 ReadFileContents Failed to open file: "/sys/class/drm/card0/device/vendor"[m
[34m[1mONNX:[0m export success ✅ 2.6s, saved as 'yolo11n-seg.onnx' (11.2 MB)

Export complete (4.2s)
Results saved to [1m/home/snpi/Documents/Benchy[0m
Predict:         yolo predict task=segment model=yolo11n-seg.onnx imgsz=640 
Validate:        yolo val task=segment model=yolo11n-seg.onnx imgsz=640 data=/ultralytics/ultralytics/cfg/datasets/coco.yaml  
Visualize:       https://netron.app
2026-05-01 10:57:40 - benchmark.workloads.yolo.conversion.onnx_export - INFO - ONNX validation passed
2026-05-01 10:57:40 - benchmark.workloads.yolo.conversion.onnx_export - INFO - ONNX exported successfully: models/hailo/hailo8/v11/segmentation/yolo11n-seg/model.onnx
2026-05-01 10:57:40 - benchmark.workloads.yolo.conversion.pipeline - INFO -   ONNX exported: models/hailo/hailo8/v11/segmentation/yolo11n-seg/model.onnx
2026-05-01 10:57:40 - benchmark.cli - ERROR -   Failed: ONNX file generated but Hailo SDK not available. ONNX file at: models/hailo/hailo8/v11/segmentation/yolo11n-seg/model.onnx. Please complete conversion using Hailo SDK.
2026-05-01 10:57:40 - benchmark.cli - INFO - JSON results written to: /home/snpi/Documents/Benchy/results/hw_verify_20260501_105718/bench_20260501_105733_c6eb994d.json

Benchmark Complete: bench_20260501_105733_c6eb994d
----------------------------------------
Results saved to: /home/snpi/Documents/Benchy/results/hw_verify_20260501_105718
Validation FAILED for /home/snpi/Documents/Benchy/results/hw_verify_20260501_105718/bench_20260501_105733_c6eb994d.json:
  - yolo_results is empty — the runner produced no rows
