2026-04-28 19:31:19 - benchmark.cli - INFO - Starting benchmark run: bench_20260428_193119_a10bf80d
2026-04-28 19:31:19 - benchmark.cli - INFO - Platform: rpi_ai_hat_plus_2
2026-04-28 19:31:19 - benchmark.cli - INFO - Profile: default
2026-04-28 19:31:19 - benchmark.cli - INFO - Running YOLO benchmarks...
2026-04-28 19:31:19 - benchmark.cli - INFO - Using CLI-specified YOLO model: yolo26n-obb.pt
2026-04-28 19:31:19 - benchmark.cli - INFO - Inferred version: v26, task: obb
2026-04-28 19:31:19 - benchmark.workloads.yolo.backends.hailo - INFO - Detected Hailo device: hailo10h
2026-04-28 19:31:19 - benchmark.workloads.yolo.runner - INFO - Using backend: hailo
2026-04-28 19:31:19 - benchmark.workloads.yolo.runner - INFO - Preparing model: yolo26n-obb.pt
2026-04-28 19:31:19 - benchmark.workloads.yolo.backends.hailo - INFO - HEF not found at models/hailo/hailo10h/v26/obb/yolo26n-obb/model.hef, starting conversion pipeline...
2026-04-28 19:31:19 - benchmark.workloads.yolo.backends.hailo - INFO - Starting model conversion for yolo26n-obb.pt
2026-04-28 19:31:21 - benchmark.workloads.yolo.backends.hailo - WARNING - Hailo SDK not available for HAR generation. Only ONNX export will be performed.
2026-04-28 19:31:21 - benchmark.workloads.yolo.backends.hailo - WARNING - Hailo Dataflow Compiler not available for HEF compilation. Pipeline will stop at HAR.
2026-04-28 19:31:21 - benchmark.workloads.yolo.conversion.pipeline - INFO - Starting conversion pipeline for yolo26n-obb.pt
2026-04-28 19:31:21 - benchmark.workloads.yolo.conversion.pipeline - INFO -   YOLO version: v26
2026-04-28 19:31:21 - benchmark.workloads.yolo.conversion.pipeline - INFO -   Task: obb
2026-04-28 19:31:21 - benchmark.workloads.yolo.conversion.pipeline - INFO -   Target: hailo10h
2026-04-28 19:31:21 - benchmark.workloads.yolo.conversion.pipeline - INFO - Stage 1/3: ONNX Export
2026-04-28 19:31:21 - benchmark.workloads.yolo.conversion.onnx_export - INFO - Exporting yolo26n-obb.pt to ONNX...
2026-04-28 19:31:21 - benchmark.workloads.yolo.conversion.onnx_export - INFO -   Resolution: 640x640
2026-04-28 19:31:21 - benchmark.workloads.yolo.conversion.onnx_export - INFO -   Batch size: 1
2026-04-28 19:31:21 - benchmark.workloads.yolo.conversion.onnx_export - INFO -   Opset: 11
[KDownloading https://github.com/ultralytics/assets/releases/download/v8.4.0/yolo26n-obb.pt to 'yolo26n-obb.pt': 19% ━━────────── 1.1/5.6MB 10.8MB/s 0.1s<0.4s[KDownloading https://github.com/ultralytics/assets/releases/download/v8.4.0/yolo26n-obb.pt to 'yolo26n-obb.pt': 72% ━━━━━━━━╸─── 4.1/5.6MB 29.7MB/s 0.2s<0.1s[KDownloading https://github.com/ultralytics/assets/releases/download/v8.4.0/yolo26n-obb.pt to 'yolo26n-obb.pt': 100% ━━━━━━━━━━━━ 5.6MB 22.7MB/s 0.2s
Ultralytics 8.4.11 🚀 Python-3.11.2 torch-2.10.0+cpu CPU (aarch64)
YOLO26n-obb summary (fused): 132 layers, 2,449,332 parameters, 0 gradients, 5.4 GFLOPs

[34m[1mPyTorch:[0m starting from 'yolo26n-obb.pt' with input shape (1, 3, 640, 640) BCHW and output shape(s) (1, 300, 7) (5.6 MB)

[34m[1mONNX:[0m starting export with onnx 1.21.0 opset 11...
/home/vpn/Documents/Benchy/venv/lib/python3.11/site-packages/torch/onnx/_internal/torchscript_exporter/symbolic_opset11.py:954: UserWarning: Exporting aten::index operator of advanced indexing in opset 11 is achieved by combination of multiple ONNX operators, including Reshape, Transpose, Concat, and Gather. If indices include negative values, the exported graph will produce incorrect results.
  return opset9.index(g, self, index)
[34m[1mONNX:[0m slimming with onnxslim 0.1.91...
[0;93m2026-04-28 19:31:25.209122685 [W:onnxruntime:Default, device_discovery.cc:283 GetGpuDevices] Failed to detect devices under "/sys/class/drm/card1": device_discovery.cc:93 ReadFileContents Failed to open file: "/sys/class/drm/card1/device/vendor"[m
[0;93m2026-04-28 19:31:25.209706837 [W:onnxruntime:Default, device_discovery.cc:283 GetGpuDevices] Failed to detect devices under "/sys/class/drm/card0": device_discovery.cc:93 ReadFileContents Failed to open file: "/sys/class/drm/card0/device/vendor"[m
[34m[1mONNX:[0m export success ✅ 2.5s, saved as 'yolo26n-obb.onnx' (9.6 MB)

Export complete (3.6s)
Results saved to [1m/home/vpn/Documents/Benchy[0m
Predict:         yolo predict task=obb model=yolo26n-obb.onnx imgsz=640 
Validate:        yolo val task=obb model=yolo26n-obb.onnx imgsz=640 data=/home/mason/code/ultralytics/ultralytics/cfg/datasets/DOTAv1.yaml  
Visualize:       https://netron.app
2026-04-28 19:31:26 - benchmark.workloads.yolo.conversion.onnx_export - INFO - ONNX validation passed
2026-04-28 19:31:26 - benchmark.workloads.yolo.conversion.onnx_export - INFO - ONNX exported successfully: models/hailo/v26/obb/yolo26n-obb/model.onnx
2026-04-28 19:31:26 - benchmark.workloads.yolo.conversion.pipeline - INFO -   ONNX exported: models/hailo/v26/obb/yolo26n-obb/model.onnx
2026-04-28 19:31:26 - benchmark.cli - ERROR -   Failed: ONNX file generated but Hailo SDK not available. ONNX file at: models/hailo/v26/obb/yolo26n-obb/model.onnx. Please complete conversion using Hailo SDK.
2026-04-28 19:31:26 - benchmark.cli - INFO - JSON results written to: /home/vpn/Documents/Benchy/results/hw_verify_20260428_193031/bench_20260428_193119_a10bf80d.json

Benchmark Complete: bench_20260428_193119_a10bf80d
----------------------------------------
Results saved to: /home/vpn/Documents/Benchy/results/hw_verify_20260428_193031
Validation FAILED for /home/vpn/Documents/Benchy/results/hw_verify_20260428_193031/bench_20260428_193119_a10bf80d.json:
  - yolo_results is empty — the runner produced no rows
