2026-05-01 23:18:19 - benchmark.cli - INFO - Starting benchmark run: bench_20260501_231819_a0d23c5b
2026-05-01 23:18:19 - benchmark.cli - INFO - Platform: rpi_ai_hat_plus_2
2026-05-01 23:18:19 - benchmark.cli - INFO - Profile: default
2026-05-01 23:18:19 - benchmark.cli - INFO - Running YOLO benchmarks...
2026-05-01 23:18:19 - benchmark.cli - INFO - Using CLI-specified YOLO model: yolov8s-pose.pt
2026-05-01 23:18:19 - benchmark.cli - INFO - Inferred version: v8, task: pose
2026-05-01 23:18:19 - benchmark.workloads.yolo.backends.hailo - INFO - Detected Hailo device: hailo10h
2026-05-01 23:18:19 - benchmark.workloads.yolo.runner - INFO - Using backend: hailo
2026-05-01 23:18:19 - benchmark.workloads.yolo.runner - INFO - Preparing model: yolov8s-pose.pt
2026-05-01 23:18:19 - benchmark.workloads.yolo.conversion.hef_source - INFO - No prebuilt HEF for v8/pose/s/hailo10h. Drop a file named 'v8_pose_s_hailo10h.hef' into /home/vpn/Documents/Benchy/resources/hefs (compile on x86_64), or rely on the conversion pipeline (which requires the Hailo Dataflow Compiler — x86_64 only).
2026-05-01 23:18:19 - benchmark.workloads.yolo.backends.hailo - INFO - HEF not found at models/hailo/hailo10h/v8/pose/yolov8s-pose/model.hef, starting conversion pipeline...
2026-05-01 23:18:19 - benchmark.workloads.yolo.backends.hailo - INFO - Starting model conversion for yolov8s-pose.pt
2026-05-01 23:18:22 - benchmark.workloads.yolo.backends.hailo - WARNING - Hailo SDK not available for HAR generation. Only ONNX export will be performed.
2026-05-01 23:18:22 - benchmark.workloads.yolo.backends.hailo - WARNING - Hailo Dataflow Compiler not available for HEF compilation. Pipeline will stop at HAR.
2026-05-01 23:18:22 - benchmark.workloads.yolo.conversion.pipeline - INFO - Starting conversion pipeline for yolov8s-pose.pt
2026-05-01 23:18:22 - benchmark.workloads.yolo.conversion.pipeline - INFO -   YOLO version: v8
2026-05-01 23:18:22 - benchmark.workloads.yolo.conversion.pipeline - INFO -   Task: pose
2026-05-01 23:18:22 - benchmark.workloads.yolo.conversion.pipeline - INFO -   Target: hailo10h
2026-05-01 23:18:22 - benchmark.workloads.yolo.conversion.pipeline - INFO - Stage 1/3: ONNX Export
2026-05-01 23:18:22 - benchmark.workloads.yolo.conversion.onnx_export - INFO - ONNX already exists at models/hailo/hailo10h/v8/pose/yolov8s-pose/model.onnx
2026-05-01 23:18:22 - benchmark.workloads.yolo.conversion.pipeline - INFO -   ONNX exported: models/hailo/hailo10h/v8/pose/yolov8s-pose/model.onnx
2026-05-01 23:18:22 - benchmark.cli - ERROR -   Failed: ONNX file generated but Hailo SDK not available. ONNX file at: models/hailo/hailo10h/v8/pose/yolov8s-pose/model.onnx. Please complete conversion using Hailo SDK.
2026-05-01 23:18:22 - benchmark.cli - INFO - JSON results written to: /home/vpn/Documents/Benchy/results/hw_verify_20260501_231735/bench_20260501_231819_a0d23c5b.json

Benchmark Complete: bench_20260501_231819_a0d23c5b
----------------------------------------
Results saved to: /home/vpn/Documents/Benchy/results/hw_verify_20260501_231735
Validation FAILED for /home/vpn/Documents/Benchy/results/hw_verify_20260501_231735/bench_20260501_231819_a0d23c5b.json:
  - yolo_results is empty — the runner produced no rows
