2026-05-01 10:54:17 - benchmark.cli - INFO - Starting benchmark run: bench_20260501_105417_7669a823
2026-05-01 10:54:17 - benchmark.cli - INFO - Platform: rpi_ai_hat_plus_2
2026-05-01 10:54:17 - benchmark.cli - INFO - Profile: default
2026-05-01 10:54:17 - benchmark.cli - INFO - Running YOLO benchmarks...
2026-05-01 10:54:17 - benchmark.cli - INFO - Using CLI-specified YOLO model: yolo11n-pose.pt
2026-05-01 10:54:17 - benchmark.cli - INFO - Inferred version: v11, task: pose
2026-05-01 10:54:17 - benchmark.workloads.yolo.backends.hailo - INFO - Detected Hailo device: hailo10h
2026-05-01 10:54:17 - benchmark.workloads.yolo.runner - INFO - Using backend: hailo
2026-05-01 10:54:17 - benchmark.workloads.yolo.runner - INFO - Preparing model: yolo11n-pose.pt
2026-05-01 10:54:17 - benchmark.workloads.yolo.backends.hailo - INFO - Using cached HEF: models/hailo/hailo10h/v11/pose/yolo11n-pose/model.hef
2026-05-01 10:54:17 - benchmark.workloads.yolo.backends.hailo - INFO - Running model sanity check (Phase 3)...
2026-05-01 10:54:17 - benchmark.workloads.yolo.conversion.validation - INFO - Validating HEF model: models/hailo/hailo10h/v11/pose/yolo11n-pose/model.hef
2026-05-01 10:54:17 - benchmark.workloads.yolo.conversion.validation - INFO -   Task: pose
2026-05-01 10:54:19 - benchmark.workloads.yolo.conversion.validation - INFO - Test inference successful in 65.89ms
2026-05-01 10:54:19 - benchmark.workloads.yolo.conversion.validation - INFO - Model validation PASSED
2026-05-01 10:54:19 - benchmark.workloads.yolo.backends.hailo - INFO - Model validation PASSED
2026-05-01 10:54:19 - benchmark.workloads.yolo.backends.hailo - INFO -   Input layers: 1
2026-05-01 10:54:19 - benchmark.workloads.yolo.backends.hailo - INFO -   Output layers: 9
2026-05-01 10:54:19 - benchmark.workloads.yolo.backends.hailo - INFO -   Detected classes: 1
2026-05-01 10:54:19 - benchmark.workloads.yolo.backends.hailo - INFO -   Test inference: 65.89ms
2026-05-01 10:54:19 - benchmark.workloads.yolo.backends.hailo - INFO - Loading HEF: models/hailo/hailo10h/v11/pose/yolo11n-pose/model.hef
2026-05-01 10:54:20 - benchmark.workloads.yolo.backends.hailo - INFO - HEF loaded successfully
2026-05-01 10:54:20 - benchmark.workloads.yolo.backends.hailo - INFO - Initialized post-processor for pose with 1 classes
2026-05-01 10:54:20 - benchmark.workloads.yolo.runner - INFO - Starting benchmark: 3 warmup, 10 measured runs (Phase 5 enforcement)
2026-05-01 10:54:20 - benchmark.workloads.yolo.execution - INFO - Starting warmup phase: 3 runs (excluded from metrics)
2026-05-01 10:54:20 - benchmark.workloads.yolo.postprocessing - WARNING - Pose output last-dim 64, expected 56; attempting best-effort decode.
2026-05-01 10:54:20 - benchmark.workloads.yolo.backends.hailo - ERROR - Inference failed: cannot reshape array of size 2891 into shape (17,3)
2026-05-01 10:54:20 - benchmark.workloads.yolo.execution - ERROR - Benchmark failed: Warmup run 1 failed: Inference failed: cannot reshape array of size 2891 into shape (17,3)
2026-05-01 10:54:20 - benchmark.cli - ERROR -   Failed: Benchmark execution failed in phase failed: Warmup run 1 failed: Inference failed: cannot reshape array of size 2891 into shape (17,3)
2026-05-01 10:54:20 - benchmark.cli - INFO - JSON results written to: /home/vpn/Documents/Benchy/results/hw_verify_20260501_105318/bench_20260501_105417_7669a823.json

Benchmark Complete: bench_20260501_105417_7669a823
----------------------------------------
Results saved to: /home/vpn/Documents/Benchy/results/hw_verify_20260501_105318
Validation FAILED for /home/vpn/Documents/Benchy/results/hw_verify_20260501_105318/bench_20260501_105417_7669a823.json:
  - yolo_results is empty — the runner produced no rows
