2026-05-01 10:53:46 - benchmark.cli - INFO - Starting benchmark run: bench_20260501_105346_17334d1c
2026-05-01 10:53:46 - benchmark.cli - INFO - Platform: rpi_ai_hat_plus_2
2026-05-01 10:53:46 - benchmark.cli - INFO - Profile: default
2026-05-01 10:53:46 - benchmark.cli - INFO - Running YOLO benchmarks...
2026-05-01 10:53:46 - benchmark.cli - INFO - Using CLI-specified YOLO model: yolov8n-seg.pt
2026-05-01 10:53:46 - benchmark.cli - INFO - Inferred version: v8, task: segmentation
2026-05-01 10:53:46 - benchmark.workloads.yolo.backends.hailo - INFO - Detected Hailo device: hailo10h
2026-05-01 10:53:46 - benchmark.workloads.yolo.runner - INFO - Using backend: hailo
2026-05-01 10:53:46 - benchmark.workloads.yolo.runner - INFO - Preparing model: yolov8n-seg.pt
2026-05-01 10:53:46 - benchmark.workloads.yolo.conversion.hef_source - INFO - No prebuilt HEF for v8/segmentation/n/hailo10h. Drop a file named 'v8_segmentation_n_hailo10h.hef' into /home/vpn/Documents/Benchy/resources/hefs (compile on x86_64), or rely on the conversion pipeline (which requires the Hailo Dataflow Compiler — x86_64 only).
2026-05-01 10:53:46 - benchmark.workloads.yolo.backends.hailo - INFO - HEF not found at models/hailo/hailo10h/v8/segmentation/yolov8n-seg/model.hef, starting conversion pipeline...
2026-05-01 10:53:46 - benchmark.workloads.yolo.backends.hailo - INFO - Starting model conversion for yolov8n-seg.pt
2026-05-01 10:53:49 - benchmark.workloads.yolo.backends.hailo - WARNING - Hailo SDK not available for HAR generation. Only ONNX export will be performed.
2026-05-01 10:53:49 - benchmark.workloads.yolo.backends.hailo - WARNING - Hailo Dataflow Compiler not available for HEF compilation. Pipeline will stop at HAR.
2026-05-01 10:53:49 - benchmark.workloads.yolo.conversion.pipeline - INFO - Starting conversion pipeline for yolov8n-seg.pt
2026-05-01 10:53:49 - benchmark.workloads.yolo.conversion.pipeline - INFO -   YOLO version: v8
2026-05-01 10:53:49 - benchmark.workloads.yolo.conversion.pipeline - INFO -   Task: segmentation
2026-05-01 10:53:49 - benchmark.workloads.yolo.conversion.pipeline - INFO -   Target: hailo10h
2026-05-01 10:53:49 - benchmark.workloads.yolo.conversion.pipeline - INFO - Stage 1/3: ONNX Export
2026-05-01 10:53:49 - benchmark.workloads.yolo.conversion.onnx_export - INFO - Exporting yolov8n-seg.pt to ONNX...
2026-05-01 10:53:49 - benchmark.workloads.yolo.conversion.onnx_export - INFO -   Resolution: 640x640
2026-05-01 10:53:49 - benchmark.workloads.yolo.conversion.onnx_export - INFO -   Batch size: 1
2026-05-01 10:53:49 - benchmark.workloads.yolo.conversion.onnx_export - INFO -   Opset: 11
Ultralytics 8.4.11 🚀 Python-3.11.2 torch-2.10.0+cpu CPU (aarch64)
YOLOv8n-seg summary (fused): 85 layers, 3,404,320 parameters, 0 gradients, 12.0 GFLOPs

[34m[1mPyTorch:[0m starting from 'yolov8n-seg.pt' with input shape (1, 3, 640, 640) BCHW and output shape(s) ((1, 116, 8400), (1, 32, 160, 160)) (6.7 MB)

[34m[1mONNX:[0m starting export with onnx 1.21.0 opset 11...
[34m[1mONNX:[0m slimming with onnxslim 0.1.91...
[0;93m2026-05-01 10:53:52.470225101 [W:onnxruntime:Default, device_discovery.cc:283 GetGpuDevices] Failed to detect devices under "/sys/class/drm/card1": device_discovery.cc:93 ReadFileContents Failed to open file: "/sys/class/drm/card1/device/vendor"[m
[0;93m2026-05-01 10:53:52.470287823 [W:onnxruntime:Default, device_discovery.cc:283 GetGpuDevices] Failed to detect devices under "/sys/class/drm/card0": device_discovery.cc:93 ReadFileContents Failed to open file: "/sys/class/drm/card0/device/vendor"[m
[34m[1mONNX:[0m export success ✅ 2.5s, saved as 'yolov8n-seg.onnx' (13.2 MB)

Export complete (4.2s)
Results saved to [1m/home/vpn/Documents/Benchy[0m
Predict:         yolo predict task=segment model=yolov8n-seg.onnx imgsz=640 
Validate:        yolo val task=segment model=yolov8n-seg.onnx imgsz=640 data=coco.yaml  
Visualize:       https://netron.app
2026-05-01 10:53:53 - benchmark.workloads.yolo.conversion.onnx_export - INFO - ONNX validation passed
2026-05-01 10:53:53 - benchmark.workloads.yolo.conversion.onnx_export - INFO - ONNX exported successfully: models/hailo/hailo10h/v8/segmentation/yolov8n-seg/model.onnx
2026-05-01 10:53:53 - benchmark.workloads.yolo.conversion.pipeline - INFO -   ONNX exported: models/hailo/hailo10h/v8/segmentation/yolov8n-seg/model.onnx
2026-05-01 10:53:53 - benchmark.cli - ERROR -   Failed: ONNX file generated but Hailo SDK not available. ONNX file at: models/hailo/hailo10h/v8/segmentation/yolov8n-seg/model.onnx. Please complete conversion using Hailo SDK.
2026-05-01 10:53:53 - benchmark.cli - INFO - JSON results written to: /home/vpn/Documents/Benchy/results/hw_verify_20260501_105318/bench_20260501_105346_17334d1c.json

Benchmark Complete: bench_20260501_105346_17334d1c
----------------------------------------
Results saved to: /home/vpn/Documents/Benchy/results/hw_verify_20260501_105318
Validation FAILED for /home/vpn/Documents/Benchy/results/hw_verify_20260501_105318/bench_20260501_105346_17334d1c.json:
  - yolo_results is empty — the runner produced no rows
