2026-05-01 21:22:44 - benchmark.cli - INFO - Starting benchmark run: bench_20260501_212244_41974edf
2026-05-01 21:22:44 - benchmark.cli - INFO - Platform: rpi_ai_hat_plus_2
2026-05-01 21:22:44 - benchmark.cli - INFO - Profile: default
2026-05-01 21:22:44 - benchmark.cli - INFO - Running YOLO benchmarks...
2026-05-01 21:22:44 - benchmark.cli - INFO - Using CLI-specified YOLO model: yolo11n-pose.pt
2026-05-01 21:22:44 - benchmark.cli - INFO - Inferred version: v11, task: pose
2026-05-01 21:22:45 - benchmark.workloads.yolo.backends.hailo - INFO - Detected Hailo device: hailo10h
2026-05-01 21:22:45 - benchmark.workloads.yolo.runner - INFO - Using backend: hailo
2026-05-01 21:22:45 - benchmark.workloads.yolo.runner - INFO - Preparing model: yolo11n-pose.pt
2026-05-01 21:22:45 - benchmark.workloads.yolo.backends.hailo - INFO - Using cached HEF: models/hailo/hailo10h/v11/pose/yolo11n-pose/model.hef
2026-05-01 21:22:45 - benchmark.workloads.yolo.backends.hailo - INFO - Running model sanity check (Phase 3)...
2026-05-01 21:22:45 - benchmark.workloads.yolo.conversion.validation - INFO - Validating HEF model: models/hailo/hailo10h/v11/pose/yolo11n-pose/model.hef
2026-05-01 21:22:45 - benchmark.workloads.yolo.conversion.validation - INFO -   Task: pose
2026-05-01 21:22:46 - benchmark.workloads.yolo.conversion.validation - INFO - Test inference successful in 65.93ms
2026-05-01 21:22:46 - benchmark.workloads.yolo.conversion.validation - INFO - Model validation PASSED
2026-05-01 21:22:46 - benchmark.workloads.yolo.backends.hailo - INFO - Model validation PASSED
2026-05-01 21:22:46 - benchmark.workloads.yolo.backends.hailo - INFO -   Input layers: 1
2026-05-01 21:22:46 - benchmark.workloads.yolo.backends.hailo - INFO -   Output layers: 9
2026-05-01 21:22:46 - benchmark.workloads.yolo.backends.hailo - INFO -   Detected classes: 1
2026-05-01 21:22:46 - benchmark.workloads.yolo.backends.hailo - INFO -   Test inference: 65.93ms
2026-05-01 21:22:46 - benchmark.workloads.yolo.backends.hailo - INFO - Loading HEF: models/hailo/hailo10h/v11/pose/yolo11n-pose/model.hef
2026-05-01 21:22:47 - benchmark.workloads.yolo.backends.hailo - INFO - HEF loaded successfully
2026-05-01 21:22:47 - benchmark.workloads.yolo.backends.hailo - INFO - Initialized post-processor for pose with 1 classes
2026-05-01 21:22:47 - benchmark.workloads.yolo.runner - INFO - Starting benchmark: 3 warmup, 10 measured runs (Phase 5 enforcement)
2026-05-01 21:22:47 - benchmark.workloads.yolo.execution - INFO - Starting warmup phase: 3 runs (excluded from metrics)
2026-05-01 21:22:47 - benchmark.workloads.yolo.postprocessing - WARNING - Pose output last-dim 64, expected 56; truncated-head layout is not yet decoded — returning no detections.
2026-05-01 21:22:47 - benchmark.workloads.yolo.postprocessing - WARNING - Pose output last-dim 64, expected 56; truncated-head layout is not yet decoded — returning no detections.
2026-05-01 21:22:47 - benchmark.workloads.yolo.postprocessing - WARNING - Pose output last-dim 64, expected 56; truncated-head layout is not yet decoded — returning no detections.
2026-05-01 21:22:47 - benchmark.workloads.yolo.execution - INFO - Starting measurement phase: 10 runs
2026-05-01 21:22:47 - benchmark.workloads.yolo.postprocessing - WARNING - Pose output last-dim 64, expected 56; truncated-head layout is not yet decoded — returning no detections.
2026-05-01 21:22:47 - benchmark.workloads.yolo.postprocessing - WARNING - Pose output last-dim 64, expected 56; truncated-head layout is not yet decoded — returning no detections.
2026-05-01 21:22:47 - benchmark.workloads.yolo.postprocessing - WARNING - Pose output last-dim 64, expected 56; truncated-head layout is not yet decoded — returning no detections.
2026-05-01 21:22:47 - benchmark.workloads.yolo.postprocessing - WARNING - Pose output last-dim 64, expected 56; truncated-head layout is not yet decoded — returning no detections.
2026-05-01 21:22:47 - benchmark.workloads.yolo.postprocessing - WARNING - Pose output last-dim 64, expected 56; truncated-head layout is not yet decoded — returning no detections.
2026-05-01 21:22:47 - benchmark.workloads.yolo.postprocessing - WARNING - Pose output last-dim 64, expected 56; truncated-head layout is not yet decoded — returning no detections.
2026-05-01 21:22:48 - benchmark.workloads.yolo.postprocessing - WARNING - Pose output last-dim 64, expected 56; truncated-head layout is not yet decoded — returning no detections.
2026-05-01 21:22:48 - benchmark.workloads.yolo.postprocessing - WARNING - Pose output last-dim 64, expected 56; truncated-head layout is not yet decoded — returning no detections.
2026-05-01 21:22:48 - benchmark.workloads.yolo.postprocessing - WARNING - Pose output last-dim 64, expected 56; truncated-head layout is not yet decoded — returning no detections.
2026-05-01 21:22:48 - benchmark.workloads.yolo.postprocessing - WARNING - Pose output last-dim 64, expected 56; truncated-head layout is not yet decoded — returning no detections.
2026-05-01 21:22:48 - benchmark.workloads.yolo.execution - INFO - Benchmark complete: 10 measured runs
2026-05-01 21:22:48 - benchmark.workloads.yolo.runner - INFO - Running validation for accuracy metrics...
2026-05-01 21:22:48 - benchmark.workloads.yolo.runner - INFO - Validation not available for Hailo backend
2026-05-01 21:22:48 - benchmark.cli - INFO -   [hailo] Throughput: 15.55 FPS, Latency: 64.32ms
2026-05-01 21:22:48 - benchmark.cli - INFO - JSON results written to: /home/vpn/Documents/Benchy/results/hw_verify_20260501_212157/bench_20260501_212244_41974edf.json
2026-05-01 21:22:48 - benchmark.cli - INFO - YOLO CSV results written to: /home/vpn/Documents/Benchy/results/hw_verify_20260501_212157/bench_20260501_212244_41974edf_yolo.csv

Benchmark Complete: bench_20260501_212244_41974edf
----------------------------------------
YOLO models benchmarked: 1
  Average throughput: 15.55 FPS
Results saved to: /home/vpn/Documents/Benchy/results/hw_verify_20260501_212157
OK: /home/vpn/Documents/Benchy/results/hw_verify_20260501_212157/bench_20260501_212244_41974edf.json (1 yolo result row(s))
