2026-05-01 21:22:35 - benchmark.cli - INFO - Starting benchmark run: bench_20260501_212235_2ce63d39
2026-05-01 21:22:35 - benchmark.cli - INFO - Platform: rpi_ai_hat_plus_2
2026-05-01 21:22:35 - benchmark.cli - INFO - Profile: default
2026-05-01 21:22:35 - benchmark.cli - INFO - Running YOLO benchmarks...
2026-05-01 21:22:35 - benchmark.cli - INFO - Using CLI-specified YOLO model: yolo26n-seg.pt
2026-05-01 21:22:35 - benchmark.cli - INFO - Inferred version: v26, task: segmentation
2026-05-01 21:22:35 - benchmark.workloads.yolo.backends.hailo - INFO - Detected Hailo device: hailo10h
2026-05-01 21:22:35 - benchmark.workloads.yolo.runner - INFO - Using backend: hailo
2026-05-01 21:22:35 - benchmark.workloads.yolo.runner - INFO - Preparing model: yolo26n-seg.pt
2026-05-01 21:22:35 - benchmark.workloads.yolo.backends.hailo - INFO - Using cached HEF: models/hailo/hailo10h/v26/segmentation/yolo26n-seg/model.hef
2026-05-01 21:22:35 - benchmark.workloads.yolo.backends.hailo - INFO - Running model sanity check (Phase 3)...
2026-05-01 21:22:35 - benchmark.workloads.yolo.conversion.validation - INFO - Validating HEF model: models/hailo/hailo10h/v26/segmentation/yolo26n-seg/model.hef
2026-05-01 21:22:35 - benchmark.workloads.yolo.conversion.validation - INFO -   Task: segmentation
2026-05-01 21:22:37 - benchmark.workloads.yolo.conversion.validation - INFO - Test inference successful in 82.75ms
2026-05-01 21:22:37 - benchmark.workloads.yolo.conversion.validation - INFO - Model validation PASSED
2026-05-01 21:22:37 - benchmark.workloads.yolo.backends.hailo - INFO - Model validation PASSED
2026-05-01 21:22:37 - benchmark.workloads.yolo.backends.hailo - INFO -   Input layers: 1
2026-05-01 21:22:37 - benchmark.workloads.yolo.backends.hailo - INFO -   Output layers: 10
2026-05-01 21:22:37 - benchmark.workloads.yolo.backends.hailo - INFO -   Detected classes: 80
2026-05-01 21:22:37 - benchmark.workloads.yolo.backends.hailo - INFO -   Test inference: 82.75ms
2026-05-01 21:22:37 - benchmark.workloads.yolo.backends.hailo - INFO - Loading HEF: models/hailo/hailo10h/v26/segmentation/yolo26n-seg/model.hef
2026-05-01 21:22:38 - benchmark.workloads.yolo.backends.hailo - INFO - HEF loaded successfully
2026-05-01 21:22:38 - benchmark.workloads.yolo.backends.hailo - INFO - Initialized post-processor for segmentation with 80 classes
2026-05-01 21:22:38 - benchmark.workloads.yolo.runner - INFO - Starting benchmark: 3 warmup, 10 measured runs (Phase 5 enforcement)
2026-05-01 21:22:38 - benchmark.workloads.yolo.execution - INFO - Starting warmup phase: 3 runs (excluded from metrics)
2026-05-01 21:22:39 - benchmark.workloads.yolo.postprocessing - WARNING - Segmentation outputs missing or unrecognised
2026-05-01 21:22:39 - benchmark.workloads.yolo.postprocessing - WARNING - Segmentation outputs missing or unrecognised
2026-05-01 21:22:39 - benchmark.workloads.yolo.postprocessing - WARNING - Segmentation outputs missing or unrecognised
2026-05-01 21:22:39 - benchmark.workloads.yolo.execution - INFO - Starting measurement phase: 10 runs
2026-05-01 21:22:39 - benchmark.workloads.yolo.postprocessing - WARNING - Segmentation outputs missing or unrecognised
2026-05-01 21:22:39 - benchmark.workloads.yolo.postprocessing - WARNING - Segmentation outputs missing or unrecognised
2026-05-01 21:22:39 - benchmark.workloads.yolo.postprocessing - WARNING - Segmentation outputs missing or unrecognised
2026-05-01 21:22:39 - benchmark.workloads.yolo.postprocessing - WARNING - Segmentation outputs missing or unrecognised
2026-05-01 21:22:39 - benchmark.workloads.yolo.postprocessing - WARNING - Segmentation outputs missing or unrecognised
2026-05-01 21:22:39 - benchmark.workloads.yolo.postprocessing - WARNING - Segmentation outputs missing or unrecognised
2026-05-01 21:22:39 - benchmark.workloads.yolo.postprocessing - WARNING - Segmentation outputs missing or unrecognised
2026-05-01 21:22:39 - benchmark.workloads.yolo.postprocessing - WARNING - Segmentation outputs missing or unrecognised
2026-05-01 21:22:39 - benchmark.workloads.yolo.postprocessing - WARNING - Segmentation outputs missing or unrecognised
2026-05-01 21:22:40 - benchmark.workloads.yolo.postprocessing - WARNING - Segmentation outputs missing or unrecognised
2026-05-01 21:22:40 - benchmark.workloads.yolo.execution - INFO - Benchmark complete: 10 measured runs
2026-05-01 21:22:40 - benchmark.workloads.yolo.runner - INFO - Running validation for accuracy metrics...
2026-05-01 21:22:40 - benchmark.workloads.yolo.runner - INFO - Validation not available for Hailo backend
2026-05-01 21:22:40 - benchmark.cli - INFO -   [hailo] Throughput: 12.42 FPS, Latency: 80.52ms
2026-05-01 21:22:40 - benchmark.cli - INFO - JSON results written to: /home/vpn/Documents/Benchy/results/hw_verify_20260501_212157/bench_20260501_212235_2ce63d39.json
2026-05-01 21:22:40 - benchmark.cli - INFO - YOLO CSV results written to: /home/vpn/Documents/Benchy/results/hw_verify_20260501_212157/bench_20260501_212235_2ce63d39_yolo.csv

Benchmark Complete: bench_20260501_212235_2ce63d39
----------------------------------------
YOLO models benchmarked: 1
  Average throughput: 12.42 FPS
Results saved to: /home/vpn/Documents/Benchy/results/hw_verify_20260501_212157
OK: /home/vpn/Documents/Benchy/results/hw_verify_20260501_212157/bench_20260501_212235_2ce63d39.json (1 yolo result row(s))
