2026-04-28 19:30:34 - benchmark.cli - INFO - Starting benchmark run: bench_20260428_193034_90663b49
2026-04-28 19:30:34 - benchmark.cli - INFO - Platform: rpi_ai_hat_plus_2
2026-04-28 19:30:34 - benchmark.cli - INFO - Profile: default
2026-04-28 19:30:34 - benchmark.cli - INFO - Running YOLO benchmarks...
2026-04-28 19:30:34 - benchmark.cli - INFO - Using CLI-specified YOLO model: yolov8n.pt
2026-04-28 19:30:34 - benchmark.cli - INFO - Inferred version: v8, task: detection
2026-04-28 19:30:35 - benchmark.workloads.yolo.backends.hailo - INFO - Detected Hailo device: hailo10h
2026-04-28 19:30:35 - benchmark.workloads.yolo.runner - INFO - Using backend: hailo
2026-04-28 19:30:35 - benchmark.workloads.yolo.runner - INFO - Preparing model: yolov8n.pt
2026-04-28 19:30:35 - benchmark.workloads.yolo.backends.hailo - INFO - HEF not found at models/hailo/hailo10h/v8/detection/yolov8n/model.hef, starting conversion pipeline...
2026-04-28 19:30:35 - benchmark.workloads.yolo.backends.hailo - INFO - Starting model conversion for yolov8n.pt
2026-04-28 19:30:45 - benchmark.workloads.yolo.backends.hailo - WARNING - Hailo SDK not available for HAR generation. Only ONNX export will be performed.
2026-04-28 19:30:45 - benchmark.workloads.yolo.backends.hailo - WARNING - Hailo Dataflow Compiler not available for HEF compilation. Pipeline will stop at HAR.
2026-04-28 19:30:45 - benchmark.workloads.yolo.conversion.pipeline - INFO - Starting conversion pipeline for yolov8n.pt
2026-04-28 19:30:45 - benchmark.workloads.yolo.conversion.pipeline - INFO -   YOLO version: v8
2026-04-28 19:30:45 - benchmark.workloads.yolo.conversion.pipeline - INFO -   Task: detection
2026-04-28 19:30:45 - benchmark.workloads.yolo.conversion.pipeline - INFO -   Target: hailo10h
2026-04-28 19:30:45 - benchmark.workloads.yolo.conversion.pipeline - INFO - Stage 1/3: ONNX Export
2026-04-28 19:30:45 - benchmark.workloads.yolo.conversion.onnx_export - INFO - Exporting yolov8n.pt to ONNX...
2026-04-28 19:30:45 - benchmark.workloads.yolo.conversion.onnx_export - INFO -   Resolution: 640x640
2026-04-28 19:30:45 - benchmark.workloads.yolo.conversion.onnx_export - INFO -   Batch size: 1
2026-04-28 19:30:45 - benchmark.workloads.yolo.conversion.onnx_export - INFO -   Opset: 11
[KDownloading https://github.com/ultralytics/assets/releases/download/v8.4.0/yolov8n.pt to 'yolov8n.pt': 13% ━╸────────── 816.0KB/6.2MB 7.9MB/s 0.1s<0.7s[KDownloading https://github.com/ultralytics/assets/releases/download/v8.4.0/yolov8n.pt to 'yolov8n.pt': 54% ━━━━━━────── 3.3/6.2MB 25.4MB/s 0.2s<0.1s[KDownloading https://github.com/ultralytics/assets/releases/download/v8.4.0/yolov8n.pt to 'yolov8n.pt': 100% ━━━━━━━━━━━━ 6.2MB 21.0MB/s 0.3s
Ultralytics 8.4.11 🚀 Python-3.11.2 torch-2.10.0+cpu CPU (aarch64)
YOLOv8n summary (fused): 72 layers, 3,151,904 parameters, 0 gradients, 8.7 GFLOPs

[34m[1mPyTorch:[0m starting from 'yolov8n.pt' with input shape (1, 3, 640, 640) BCHW and output shape(s) (1, 84, 8400) (6.2 MB)
[31m[1mrequirements:[0m Ultralytics requirement ['onnxslim>=0.1.71'] not found, attempting AutoUpdate...
Looking in indexes: https://pypi.org/simple, https://www.piwheels.org/simple
Collecting onnxslim>=0.1.71
  Downloading onnxslim-0.1.91-py3-none-any.whl (237 kB)
Collecting colorama (from onnxslim>=0.1.71)
  Downloading colorama-0.4.6-py2.py3-none-any.whl (25 kB)
Requirement already satisfied: ml-dtypes in ./venv/lib/python3.11/site-packages (from onnxslim>=0.1.71) (0.5.4)
Requirement already satisfied: onnx in ./venv/lib/python3.11/site-packages (from onnxslim>=0.1.71) (1.21.0)
Requirement already satisfied: packaging in ./venv/lib/python3.11/site-packages (from onnxslim>=0.1.71) (26.0)
Requirement already satisfied: sympy>=1.13.1 in ./venv/lib/python3.11/site-packages (from onnxslim>=0.1.71) (1.14.0)
Requirement already satisfied: mpmath<1.4,>=1.1.0 in ./venv/lib/python3.11/site-packages (from sympy>=1.13.1->onnxslim>=0.1.71) (1.3.0)
Requirement already satisfied: numpy>=1.21 in ./venv/lib/python3.11/site-packages (from ml-dtypes->onnxslim>=0.1.71) (2.4.2)
Requirement already satisfied: protobuf>=4.25.1 in ./venv/lib/python3.11/site-packages (from onnx->onnxslim>=0.1.71) (7.34.1)
Requirement already satisfied: typing_extensions>=4.7.1 in ./venv/lib/python3.11/site-packages (from onnx->onnxslim>=0.1.71) (4.15.0)
Installing collected packages: colorama, onnxslim

Successfully installed colorama-0.4.6 onnxslim-0.1.91

[31m[1mrequirements:[0m AutoUpdate success ✅ 2.8s
WARNING ⚠️ [31m[1mrequirements:[0m [1mRestart runtime or rerun command for updates to take effect[0m


[34m[1mONNX:[0m starting export with onnx 1.21.0 opset 11...
[34m[1mONNX:[0m slimming with onnxslim 0.1.91...
[0;93m2026-04-28 19:30:54.975837573 [W:onnxruntime:Default, device_discovery.cc:283 GetGpuDevices] Failed to detect devices under "/sys/class/drm/card1": device_discovery.cc:93 ReadFileContents Failed to open file: "/sys/class/drm/card1/device/vendor"[m
[0;93m2026-04-28 19:30:54.976814709 [W:onnxruntime:Default, device_discovery.cc:283 GetGpuDevices] Failed to detect devices under "/sys/class/drm/card0": device_discovery.cc:93 ReadFileContents Failed to open file: "/sys/class/drm/card0/device/vendor"[m
[34m[1mONNX:[0m export success ✅ 5.3s, saved as 'yolov8n.onnx' (12.3 MB)

Export complete (9.9s)
Results saved to [1m/home/vpn/Documents/Benchy[0m
Predict:         yolo predict task=detect model=yolov8n.onnx imgsz=640 
Validate:        yolo val task=detect model=yolov8n.onnx imgsz=640 data=coco.yaml  
Visualize:       https://netron.app
2026-04-28 19:30:56 - benchmark.workloads.yolo.conversion.onnx_export - INFO - ONNX validation passed
2026-04-28 19:30:56 - benchmark.workloads.yolo.conversion.onnx_export - INFO - ONNX exported successfully: models/hailo/v8/detection/yolov8n/model.onnx
2026-04-28 19:30:56 - benchmark.workloads.yolo.conversion.pipeline - INFO -   ONNX exported: models/hailo/v8/detection/yolov8n/model.onnx
2026-04-28 19:30:56 - benchmark.cli - ERROR -   Failed: ONNX file generated but Hailo SDK not available. ONNX file at: models/hailo/v8/detection/yolov8n/model.onnx. Please complete conversion using Hailo SDK.
2026-04-28 19:30:56 - benchmark.cli - INFO - JSON results written to: /home/vpn/Documents/Benchy/results/hw_verify_20260428_193031/bench_20260428_193034_90663b49.json

Benchmark Complete: bench_20260428_193034_90663b49
----------------------------------------
Results saved to: /home/vpn/Documents/Benchy/results/hw_verify_20260428_193031
Validation FAILED for /home/vpn/Documents/Benchy/results/hw_verify_20260428_193031/bench_20260428_193034_90663b49.json:
  - yolo_results is empty — the runner produced no rows
