2026-04-28 19:30:58 - benchmark.cli - INFO - Starting benchmark run: bench_20260428_193058_a38babcb
2026-04-28 19:30:58 - benchmark.cli - INFO - Platform: rpi_ai_hat_plus_2
2026-04-28 19:30:58 - benchmark.cli - INFO - Profile: default
2026-04-28 19:30:58 - benchmark.cli - INFO - Running YOLO benchmarks...
2026-04-28 19:30:58 - benchmark.cli - INFO - Using CLI-specified YOLO model: yolov8n-obb.pt
2026-04-28 19:30:58 - benchmark.cli - INFO - Inferred version: v8, task: obb
2026-04-28 19:30:58 - benchmark.workloads.yolo.backends.hailo - INFO - Detected Hailo device: hailo10h
2026-04-28 19:30:58 - benchmark.workloads.yolo.runner - INFO - Using backend: hailo
2026-04-28 19:30:58 - benchmark.workloads.yolo.runner - INFO - Preparing model: yolov8n-obb.pt
2026-04-28 19:30:58 - benchmark.workloads.yolo.backends.hailo - INFO - HEF not found at models/hailo/hailo10h/v8/obb/yolov8n-obb/model.hef, starting conversion pipeline...
2026-04-28 19:30:58 - benchmark.workloads.yolo.backends.hailo - INFO - Starting model conversion for yolov8n-obb.pt
2026-04-28 19:31:02 - benchmark.workloads.yolo.backends.hailo - WARNING - Hailo SDK not available for HAR generation. Only ONNX export will be performed.
2026-04-28 19:31:02 - benchmark.workloads.yolo.backends.hailo - WARNING - Hailo Dataflow Compiler not available for HEF compilation. Pipeline will stop at HAR.
2026-04-28 19:31:02 - benchmark.workloads.yolo.conversion.pipeline - INFO - Starting conversion pipeline for yolov8n-obb.pt
2026-04-28 19:31:02 - benchmark.workloads.yolo.conversion.pipeline - INFO -   YOLO version: v8
2026-04-28 19:31:02 - benchmark.workloads.yolo.conversion.pipeline - INFO -   Task: obb
2026-04-28 19:31:02 - benchmark.workloads.yolo.conversion.pipeline - INFO -   Target: hailo10h
2026-04-28 19:31:02 - benchmark.workloads.yolo.conversion.pipeline - INFO - Stage 1/3: ONNX Export
2026-04-28 19:31:02 - benchmark.workloads.yolo.conversion.onnx_export - INFO - Exporting yolov8n-obb.pt to ONNX...
2026-04-28 19:31:02 - benchmark.workloads.yolo.conversion.onnx_export - INFO -   Resolution: 640x640
2026-04-28 19:31:02 - benchmark.workloads.yolo.conversion.onnx_export - INFO -   Batch size: 1
2026-04-28 19:31:02 - benchmark.workloads.yolo.conversion.onnx_export - INFO -   Opset: 11
[KDownloading https://github.com/ultralytics/assets/releases/download/v8.4.0/yolov8n-obb.pt to 'yolov8n-obb.pt': 9% ━─────────── 576.0KB/6.3MB 5.6MB/s 0.1s<1.0s[KDownloading https://github.com/ultralytics/assets/releases/download/v8.4.0/yolov8n-obb.pt to 'yolov8n-obb.pt': 45% ━━━━━─────── 2.8/6.3MB 22.3MB/s 0.2s<0.2s[KDownloading https://github.com/ultralytics/assets/releases/download/v8.4.0/yolov8n-obb.pt to 'yolov8n-obb.pt': 80% ━━━━━━━━━╸── 5.0/6.3MB 22.1MB/s 0.3s<0.1s[KDownloading https://github.com/ultralytics/assets/releases/download/v8.4.0/yolov8n-obb.pt to 'yolov8n-obb.pt': 100% ━━━━━━━━━━━━ 6.3MB 18.1MB/s 0.3s
Ultralytics 8.4.11 🚀 Python-3.11.2 torch-2.10.0+cpu CPU (aarch64)
YOLOv8n-obb summary (fused): 81 layers, 3,080,144 parameters, 0 gradients, 8.3 GFLOPs

[34m[1mPyTorch:[0m starting from 'yolov8n-obb.pt' with input shape (1, 3, 640, 640) BCHW and output shape(s) (1, 20, 8400) (6.3 MB)

[34m[1mONNX:[0m starting export with onnx 1.21.0 opset 11...
[34m[1mONNX:[0m slimming with onnxslim 0.1.91...
[0;93m2026-04-28 19:31:06.348399556 [W:onnxruntime:Default, device_discovery.cc:283 GetGpuDevices] Failed to detect devices under "/sys/class/drm/card1": device_discovery.cc:93 ReadFileContents Failed to open file: "/sys/class/drm/card1/device/vendor"[m
[0;93m2026-04-28 19:31:06.348482353 [W:onnxruntime:Default, device_discovery.cc:283 GetGpuDevices] Failed to detect devices under "/sys/class/drm/card0": device_discovery.cc:93 ReadFileContents Failed to open file: "/sys/class/drm/card0/device/vendor"[m
[34m[1mONNX:[0m export success ✅ 2.0s, saved as 'yolov8n-obb.onnx' (11.9 MB)

Export complete (3.2s)
Results saved to [1m/home/vpn/Documents/Benchy[0m
Predict:         yolo predict task=obb model=yolov8n-obb.onnx imgsz=640 
Validate:        yolo val task=obb model=yolov8n-obb.onnx imgsz=640 data=runs/DOTAv1.0-ms.yaml  
Visualize:       https://netron.app
2026-04-28 19:31:07 - benchmark.workloads.yolo.conversion.onnx_export - INFO - ONNX validation passed
2026-04-28 19:31:07 - benchmark.workloads.yolo.conversion.onnx_export - INFO - ONNX exported successfully: models/hailo/v8/obb/yolov8n-obb/model.onnx
2026-04-28 19:31:07 - benchmark.workloads.yolo.conversion.pipeline - INFO -   ONNX exported: models/hailo/v8/obb/yolov8n-obb/model.onnx
2026-04-28 19:31:07 - benchmark.cli - ERROR -   Failed: ONNX file generated but Hailo SDK not available. ONNX file at: models/hailo/v8/obb/yolov8n-obb/model.onnx. Please complete conversion using Hailo SDK.
2026-04-28 19:31:07 - benchmark.cli - INFO - JSON results written to: /home/vpn/Documents/Benchy/results/hw_verify_20260428_193031/bench_20260428_193058_a38babcb.json

Benchmark Complete: bench_20260428_193058_a38babcb
----------------------------------------
Results saved to: /home/vpn/Documents/Benchy/results/hw_verify_20260428_193031
Validation FAILED for /home/vpn/Documents/Benchy/results/hw_verify_20260428_193031/bench_20260428_193058_a38babcb.json:
  - yolo_results is empty — the runner produced no rows
