2026-04-28 19:31:57 - benchmark.cli - INFO - Starting benchmark run: bench_20260428_193157_eaa61792
2026-04-28 19:31:57 - benchmark.cli - INFO - Platform: rpi_ai_hat_plus_2
2026-04-28 19:31:57 - benchmark.cli - INFO - Profile: default
2026-04-28 19:31:57 - benchmark.cli - INFO - Running YOLO benchmarks...
2026-04-28 19:31:57 - benchmark.cli - INFO - Using CLI-specified YOLO model: yolov8n-pose.pt
2026-04-28 19:31:57 - benchmark.cli - INFO - Inferred version: v8, task: pose
2026-04-28 19:31:57 - benchmark.workloads.yolo.backends.hailo - INFO - Detected Hailo device: hailo10h
2026-04-28 19:31:57 - benchmark.workloads.yolo.runner - INFO - Using backend: hailo
2026-04-28 19:31:57 - benchmark.workloads.yolo.runner - INFO - Preparing model: yolov8n-pose.pt
2026-04-28 19:31:57 - benchmark.workloads.yolo.backends.hailo - INFO - HEF not found at models/hailo/hailo10h/v8/pose/yolov8n-pose/model.hef, starting conversion pipeline...
2026-04-28 19:31:57 - benchmark.workloads.yolo.backends.hailo - INFO - Starting model conversion for yolov8n-pose.pt
2026-04-28 19:32:00 - benchmark.workloads.yolo.backends.hailo - WARNING - Hailo SDK not available for HAR generation. Only ONNX export will be performed.
2026-04-28 19:32:00 - benchmark.workloads.yolo.backends.hailo - WARNING - Hailo Dataflow Compiler not available for HEF compilation. Pipeline will stop at HAR.
2026-04-28 19:32:00 - benchmark.workloads.yolo.conversion.pipeline - INFO - Starting conversion pipeline for yolov8n-pose.pt
2026-04-28 19:32:00 - benchmark.workloads.yolo.conversion.pipeline - INFO -   YOLO version: v8
2026-04-28 19:32:00 - benchmark.workloads.yolo.conversion.pipeline - INFO -   Task: pose
2026-04-28 19:32:00 - benchmark.workloads.yolo.conversion.pipeline - INFO -   Target: hailo10h
2026-04-28 19:32:00 - benchmark.workloads.yolo.conversion.pipeline - INFO - Stage 1/3: ONNX Export
2026-04-28 19:32:00 - benchmark.workloads.yolo.conversion.onnx_export - INFO - Exporting yolov8n-pose.pt to ONNX...
2026-04-28 19:32:00 - benchmark.workloads.yolo.conversion.onnx_export - INFO -   Resolution: 640x640
2026-04-28 19:32:00 - benchmark.workloads.yolo.conversion.onnx_export - INFO -   Batch size: 1
2026-04-28 19:32:00 - benchmark.workloads.yolo.conversion.onnx_export - INFO -   Opset: 11
[KDownloading https://github.com/ultralytics/assets/releases/download/v8.4.0/yolov8n-pose.pt to 'yolov8n-pose.pt': 11% ━─────────── 720.0KB/6.5MB 7.0MB/s 0.1s<0.8s[KDownloading https://github.com/ultralytics/assets/releases/download/v8.4.0/yolov8n-pose.pt to 'yolov8n-pose.pt': 45% ━━━━━─────── 2.9/6.5MB 22.0MB/s 0.2s<0.2s[KDownloading https://github.com/ultralytics/assets/releases/download/v8.4.0/yolov8n-pose.pt to 'yolov8n-pose.pt': 87% ━━━━━━━━━━── 5.7/6.5MB 27.4MB/s 0.3s<0.0s[KDownloading https://github.com/ultralytics/assets/releases/download/v8.4.0/yolov8n-pose.pt to 'yolov8n-pose.pt': 100% ━━━━━━━━━━━━ 6.5MB 19.9MB/s 0.3s
Ultralytics 8.4.11 🚀 Python-3.11.2 torch-2.10.0+cpu CPU (aarch64)
YOLOv8n-pose summary (fused): 81 layers, 3,289,964 parameters, 0 gradients, 9.2 GFLOPs

[34m[1mPyTorch:[0m starting from 'yolov8n-pose.pt' with input shape (1, 3, 640, 640) BCHW and output shape(s) (1, 56, 8400) (6.5 MB)

[34m[1mONNX:[0m starting export with onnx 1.21.0 opset 11...
[34m[1mONNX:[0m slimming with onnxslim 0.1.91...
[0;93m2026-04-28 19:32:03.410268453 [W:onnxruntime:Default, device_discovery.cc:283 GetGpuDevices] Failed to detect devices under "/sys/class/drm/card1": device_discovery.cc:93 ReadFileContents Failed to open file: "/sys/class/drm/card1/device/vendor"[m
[0;93m2026-04-28 19:32:03.410329471 [W:onnxruntime:Default, device_discovery.cc:283 GetGpuDevices] Failed to detect devices under "/sys/class/drm/card0": device_discovery.cc:93 ReadFileContents Failed to open file: "/sys/class/drm/card0/device/vendor"[m
[34m[1mONNX:[0m export success ✅ 2.1s, saved as 'yolov8n-pose.onnx' (12.9 MB)

Export complete (3.3s)
Results saved to [1m/home/vpn/Documents/Benchy[0m
Predict:         yolo predict task=pose model=yolov8n-pose.onnx imgsz=640 
Validate:        yolo val task=pose model=yolov8n-pose.onnx imgsz=640 data=/usr/src/app/ultralytics/datasets/coco-pose.yaml  
Visualize:       https://netron.app
2026-04-28 19:32:04 - benchmark.workloads.yolo.conversion.onnx_export - INFO - ONNX validation passed
2026-04-28 19:32:04 - benchmark.workloads.yolo.conversion.onnx_export - INFO - ONNX exported successfully: models/hailo/v8/pose/yolov8n-pose/model.onnx
2026-04-28 19:32:04 - benchmark.workloads.yolo.conversion.pipeline - INFO -   ONNX exported: models/hailo/v8/pose/yolov8n-pose/model.onnx
2026-04-28 19:32:04 - benchmark.cli - ERROR -   Failed: ONNX file generated but Hailo SDK not available. ONNX file at: models/hailo/v8/pose/yolov8n-pose/model.onnx. Please complete conversion using Hailo SDK.
2026-04-28 19:32:04 - benchmark.cli - INFO - JSON results written to: /home/vpn/Documents/Benchy/results/hw_verify_20260428_193031/bench_20260428_193157_eaa61792.json

Benchmark Complete: bench_20260428_193157_eaa61792
----------------------------------------
Results saved to: /home/vpn/Documents/Benchy/results/hw_verify_20260428_193031
Validation FAILED for /home/vpn/Documents/Benchy/results/hw_verify_20260428_193031/bench_20260428_193157_eaa61792.json:
  - yolo_results is empty — the runner produced no rows
