2026-04-30 22:44:46 - benchmark.cli - INFO - Starting benchmark run: bench_20260430_224446_44fcf7c7
2026-04-30 22:44:46 - benchmark.cli - INFO - Platform: rpi_ai_hat_plus
2026-04-30 22:44:46 - benchmark.cli - INFO - Profile: default
2026-04-30 22:44:46 - benchmark.cli - INFO - Running YOLO benchmarks...
2026-04-30 22:44:46 - benchmark.cli - INFO - Using CLI-specified YOLO model: yolov8s-pose.pt
2026-04-30 22:44:46 - benchmark.cli - INFO - Inferred version: v8, task: pose
2026-04-30 22:44:46 - benchmark.workloads.yolo.backends.hailo - INFO - Detected Hailo device: hailo8
2026-04-30 22:44:46 - benchmark.workloads.yolo.runner - INFO - Using backend: hailo
2026-04-30 22:44:46 - benchmark.workloads.yolo.runner - INFO - Preparing model: yolov8s-pose.pt
2026-04-30 22:44:46 - benchmark.workloads.yolo.conversion.hef_source - INFO - Using prebuilt HEF from repo: /home/snpi/Documents/Benchy/resources/hefs/v8_pose_s_hailo8.hef
2026-04-30 22:44:46 - benchmark.workloads.yolo.backends.hailo - INFO - Cached prebuilt HEF: /home/snpi/Documents/Benchy/resources/hefs/v8_pose_s_hailo8.hef -> models/hailo/hailo8/v8/pose/yolov8s-pose/model.hef
2026-04-30 22:44:46 - benchmark.workloads.yolo.backends.hailo - INFO - Running model sanity check (Phase 3)...
2026-04-30 22:44:46 - benchmark.workloads.yolo.conversion.validation - INFO - Validating HEF model: models/hailo/hailo8/v8/pose/yolov8s-pose/model.hef
2026-04-30 22:44:46 - benchmark.workloads.yolo.conversion.validation - INFO -   Task: pose
2026-04-30 22:44:46 - benchmark.workloads.yolo.conversion.validation - WARNING - Model validation FAILED: ["Inference test failed: type object 'ConfigureParams' has no attribute 'default_interface'"]
2026-04-30 22:44:46 - benchmark.workloads.yolo.backends.hailo - WARNING - Model validation FAILED
2026-04-30 22:44:46 - benchmark.workloads.yolo.backends.hailo - ERROR -   Error: Inference test failed: type object 'ConfigureParams' has no attribute 'default_interface'
2026-04-30 22:44:46 - benchmark.workloads.yolo.backends.hailo - WARNING -   Warning: Could not detect class count from output shapes
2026-04-30 22:44:46 - benchmark.cli - ERROR -   Failed: Model validation failed: Inference test failed: type object 'ConfigureParams' has no attribute 'default_interface'. HEF file may be corrupted or incompatible.
2026-04-30 22:44:46 - benchmark.cli - INFO - JSON results written to: /home/snpi/Documents/Benchy/results/hw_verify_20260430_224425/bench_20260430_224446_44fcf7c7.json

Benchmark Complete: bench_20260430_224446_44fcf7c7
----------------------------------------
Results saved to: /home/snpi/Documents/Benchy/results/hw_verify_20260430_224425
Validation FAILED for /home/snpi/Documents/Benchy/results/hw_verify_20260430_224425/bench_20260430_224446_44fcf7c7.json:
  - yolo_results is empty — the runner produced no rows
