2026-05-01 11:44:25 - benchmark.cli - INFO - Starting benchmark run: bench_20260501_114425_44ffbec3
2026-05-01 11:44:25 - benchmark.cli - INFO - Platform: rpi_ai_hat_plus_2
2026-05-01 11:44:25 - benchmark.cli - INFO - Profile: default
2026-05-01 11:44:25 - benchmark.cli - INFO - Running YOLO benchmarks...
2026-05-01 11:44:25 - benchmark.cli - INFO - Using CLI-specified YOLO model: yolo11n-obb.pt
2026-05-01 11:44:25 - benchmark.cli - INFO - Inferred version: v11, task: obb
2026-05-01 11:44:25 - benchmark.workloads.yolo.backends.hailo - INFO - Detected Hailo device: hailo10h
2026-05-01 11:44:25 - benchmark.workloads.yolo.runner - INFO - Using backend: hailo
2026-05-01 11:44:25 - benchmark.workloads.yolo.runner - INFO - Preparing model: yolo11n-obb.pt
2026-05-01 11:44:25 - benchmark.workloads.yolo.backends.hailo - INFO - Using cached HEF: models/hailo/hailo10h/v11/obb/yolo11n-obb/model.hef
2026-05-01 11:44:25 - benchmark.workloads.yolo.backends.hailo - INFO - Running model sanity check (Phase 3)...
2026-05-01 11:44:25 - benchmark.workloads.yolo.conversion.validation - INFO - Validating HEF model: models/hailo/hailo10h/v11/obb/yolo11n-obb/model.hef
2026-05-01 11:44:25 - benchmark.workloads.yolo.conversion.validation - INFO -   Task: obb
2026-05-01 11:44:26 - benchmark.workloads.yolo.conversion.validation - INFO - Test inference successful in 65.64ms
2026-05-01 11:44:26 - benchmark.workloads.yolo.conversion.validation - INFO - Model validation PASSED
2026-05-01 11:44:26 - benchmark.workloads.yolo.backends.hailo - INFO - Model validation PASSED
2026-05-01 11:44:26 - benchmark.workloads.yolo.backends.hailo - INFO -   Input layers: 1
2026-05-01 11:44:26 - benchmark.workloads.yolo.backends.hailo - INFO -   Output layers: 9
2026-05-01 11:44:26 - benchmark.workloads.yolo.backends.hailo - INFO -   Detected classes: 15
2026-05-01 11:44:26 - benchmark.workloads.yolo.backends.hailo - INFO -   Test inference: 65.64ms
2026-05-01 11:44:26 - benchmark.workloads.yolo.backends.hailo - INFO - Loading HEF: models/hailo/hailo10h/v11/obb/yolo11n-obb/model.hef
2026-05-01 11:44:27 - benchmark.workloads.yolo.backends.hailo - INFO - HEF loaded successfully
2026-05-01 11:44:27 - benchmark.workloads.yolo.backends.hailo - INFO - Initialized post-processor for obb with 15 classes
2026-05-01 11:44:27 - benchmark.workloads.yolo.runner - INFO - Starting benchmark: 3 warmup, 10 measured runs (Phase 5 enforcement)
2026-05-01 11:44:27 - benchmark.workloads.yolo.execution - INFO - Starting warmup phase: 3 runs (excluded from metrics)
2026-05-01 11:44:27 - benchmark.workloads.yolo.postprocessing - WARNING - OBB output has unexpected last-dim 64, expected 20; attempting best-effort decode.
2026-05-01 11:44:27 - benchmark.workloads.yolo.postprocessing - WARNING - OBB output has unexpected last-dim 64, expected 20; attempting best-effort decode.
2026-05-01 11:44:27 - benchmark.workloads.yolo.postprocessing - WARNING - OBB output has unexpected last-dim 64, expected 20; attempting best-effort decode.
2026-05-01 11:44:28 - benchmark.workloads.yolo.execution - INFO - Starting measurement phase: 10 runs
2026-05-01 11:44:28 - benchmark.workloads.yolo.postprocessing - WARNING - OBB output has unexpected last-dim 64, expected 20; attempting best-effort decode.
2026-05-01 11:44:28 - benchmark.workloads.yolo.postprocessing - WARNING - OBB output has unexpected last-dim 64, expected 20; attempting best-effort decode.
2026-05-01 11:44:28 - benchmark.workloads.yolo.postprocessing - WARNING - OBB output has unexpected last-dim 64, expected 20; attempting best-effort decode.
2026-05-01 11:44:28 - benchmark.workloads.yolo.postprocessing - WARNING - OBB output has unexpected last-dim 64, expected 20; attempting best-effort decode.
2026-05-01 11:44:28 - benchmark.workloads.yolo.postprocessing - WARNING - OBB output has unexpected last-dim 64, expected 20; attempting best-effort decode.
2026-05-01 11:44:28 - benchmark.workloads.yolo.postprocessing - WARNING - OBB output has unexpected last-dim 64, expected 20; attempting best-effort decode.
2026-05-01 11:44:28 - benchmark.workloads.yolo.postprocessing - WARNING - OBB output has unexpected last-dim 64, expected 20; attempting best-effort decode.
2026-05-01 11:44:29 - benchmark.workloads.yolo.postprocessing - WARNING - OBB output has unexpected last-dim 64, expected 20; attempting best-effort decode.
2026-05-01 11:44:29 - benchmark.workloads.yolo.postprocessing - WARNING - OBB output has unexpected last-dim 64, expected 20; attempting best-effort decode.
2026-05-01 11:44:29 - benchmark.workloads.yolo.postprocessing - WARNING - OBB output has unexpected last-dim 64, expected 20; attempting best-effort decode.
2026-05-01 11:44:29 - benchmark.workloads.yolo.execution - INFO - Benchmark complete: 10 measured runs
2026-05-01 11:44:29 - benchmark.workloads.yolo.runner - INFO - Running validation for accuracy metrics...
2026-05-01 11:44:29 - benchmark.workloads.yolo.runner - INFO - Validation not available for Hailo backend
2026-05-01 11:44:30 - benchmark.cli - INFO -   [hailo] Throughput: 15.98 FPS, Latency: 62.58ms
2026-05-01 11:44:30 - benchmark.cli - INFO - JSON results written to: /home/vpn/Documents/Benchy/results/hw_verify_20260501_114408/bench_20260501_114425_44ffbec3.json
2026-05-01 11:44:30 - benchmark.cli - INFO - YOLO CSV results written to: /home/vpn/Documents/Benchy/results/hw_verify_20260501_114408/bench_20260501_114425_44ffbec3_yolo.csv

Benchmark Complete: bench_20260501_114425_44ffbec3
----------------------------------------
YOLO models benchmarked: 1
  Average throughput: 15.98 FPS
Results saved to: /home/vpn/Documents/Benchy/results/hw_verify_20260501_114408
OK: /home/vpn/Documents/Benchy/results/hw_verify_20260501_114408/bench_20260501_114425_44ffbec3.json (1 yolo result row(s))
