2026-04-28 09:13:45 - benchmark.cli - INFO - Starting benchmark run: bench_20260428_091345_4f6d3225
2026-04-28 09:13:45 - benchmark.cli - INFO - Platform: rpi_ai_hat_plus
2026-04-28 09:13:45 - benchmark.cli - INFO - Profile: default
2026-04-28 09:13:45 - benchmark.cli - INFO - Running YOLO benchmarks...
2026-04-28 09:13:45 - benchmark.cli - INFO - Using CLI-specified YOLO model: yolov8n-seg.pt
2026-04-28 09:13:45 - benchmark.cli - INFO - Inferred version: v8, task: segmentation
2026-04-28 09:13:45 - benchmark.workloads.yolo.backends.hailo - INFO - Detected Hailo device: hailo8
2026-04-28 09:13:45 - benchmark.workloads.yolo.runner - INFO - Using backend: hailo
2026-04-28 09:13:45 - benchmark.workloads.yolo.runner - INFO - Preparing model: yolov8n-seg.pt
2026-04-28 09:13:45 - benchmark.workloads.yolo.backends.hailo - INFO - HEF not found at models/hailo/hailo8/v8/segmentation/yolov8n-seg/model.hef, starting conversion pipeline...
2026-04-28 09:13:45 - benchmark.workloads.yolo.backends.hailo - INFO - Starting model conversion for yolov8n-seg.pt
2026-04-28 09:13:48 - benchmark.workloads.yolo.backends.hailo - WARNING - Hailo SDK not available for HAR generation. Only ONNX export will be performed.
2026-04-28 09:13:48 - benchmark.workloads.yolo.backends.hailo - WARNING - Hailo Dataflow Compiler not available for HEF compilation. Pipeline will stop at HAR.
2026-04-28 09:13:48 - benchmark.workloads.yolo.conversion.pipeline - INFO - Starting conversion pipeline for yolov8n-seg.pt
2026-04-28 09:13:48 - benchmark.workloads.yolo.conversion.pipeline - INFO -   YOLO version: v8
2026-04-28 09:13:48 - benchmark.workloads.yolo.conversion.pipeline - INFO -   Task: segmentation
2026-04-28 09:13:48 - benchmark.workloads.yolo.conversion.pipeline - INFO -   Target: hailo8
2026-04-28 09:13:48 - benchmark.workloads.yolo.conversion.pipeline - INFO - Stage 1/3: ONNX Export
2026-04-28 09:13:48 - benchmark.workloads.yolo.conversion.onnx_export - INFO - Exporting yolov8n-seg.pt to ONNX...
2026-04-28 09:13:48 - benchmark.workloads.yolo.conversion.onnx_export - INFO -   Resolution: 640x640
2026-04-28 09:13:48 - benchmark.workloads.yolo.conversion.onnx_export - INFO -   Batch size: 1
2026-04-28 09:13:48 - benchmark.workloads.yolo.conversion.onnx_export - INFO -   Opset: 11
[KDownloading https://github.com/ultralytics/assets/releases/download/v8.4.0/yolov8n-seg.pt to 'yolov8n-seg.pt': 18% ━━────────── 1.2/6.7MB 11.9MB/s 0.1s<0.5s[KDownloading https://github.com/ultralytics/assets/releases/download/v8.4.0/yolov8n-seg.pt to 'yolov8n-seg.pt': 59% ━━━━━━━───── 4.0/6.7MB 27.8MB/s 0.2s<0.1s[KDownloading https://github.com/ultralytics/assets/releases/download/v8.4.0/yolov8n-seg.pt to 'yolov8n-seg.pt': 100% ━━━━━━━━━━━━ 6.7MB 23.8MB/s 0.3s
Ultralytics 8.4.7 🚀 Python-3.11.2 torch-2.9.1+cpu CPU (Cortex-A76)
YOLOv8n-seg summary (fused): 85 layers, 3,404,320 parameters, 0 gradients, 12.0 GFLOPs

[34m[1mPyTorch:[0m starting from 'yolov8n-seg.pt' with input shape (1, 3, 640, 640) BCHW and output shape(s) ((1, 116, 8400), (1, 32, 160, 160)) (6.7 MB)

[34m[1mONNX:[0m starting export with onnx 1.21.0 opset 11...
[34m[1mONNX:[0m slimming with onnxslim 0.1.91...
[0;93m2026-04-28 09:13:51.881365178 [W:onnxruntime:Default, device_discovery.cc:283 GetGpuDevices] Failed to detect devices under "/sys/class/drm/card1": device_discovery.cc:93 ReadFileContents Failed to open file: "/sys/class/drm/card1/device/vendor"[m
[0;93m2026-04-28 09:13:51.881425103 [W:onnxruntime:Default, device_discovery.cc:283 GetGpuDevices] Failed to detect devices under "/sys/class/drm/card0": device_discovery.cc:93 ReadFileContents Failed to open file: "/sys/class/drm/card0/device/vendor"[m
[34m[1mONNX:[0m export success ✅ 1.9s, saved as 'yolov8n-seg.onnx' (13.2 MB)

Export complete (3.3s)
Results saved to [1m/home/snpi/Documents/Benchy[0m
Predict:         yolo predict task=segment model=yolov8n-seg.onnx imgsz=640 
Validate:        yolo val task=segment model=yolov8n-seg.onnx imgsz=640 data=coco.yaml  
Visualize:       https://netron.app
2026-04-28 09:13:52 - benchmark.workloads.yolo.conversion.onnx_export - INFO - ONNX validation passed
2026-04-28 09:13:52 - benchmark.workloads.yolo.conversion.onnx_export - INFO - ONNX exported successfully: models/hailo/v8/segmentation/yolov8n-seg/model.onnx
2026-04-28 09:13:52 - benchmark.workloads.yolo.conversion.pipeline - INFO -   ONNX exported: models/hailo/v8/segmentation/yolov8n-seg/model.onnx
2026-04-28 09:13:52 - benchmark.cli - ERROR -   Failed: ONNX file generated but Hailo SDK not available. ONNX file at: models/hailo/v8/segmentation/yolov8n-seg/model.onnx. Please complete conversion using Hailo SDK.
2026-04-28 09:13:52 - benchmark.cli - INFO - JSON results written to: /home/snpi/Documents/Benchy/results/hw_verify_20260428_091256/bench_20260428_091345_4f6d3225.json

Benchmark Complete: bench_20260428_091345_4f6d3225
----------------------------------------
Results saved to: /home/snpi/Documents/Benchy/results/hw_verify_20260428_091256
Validation FAILED for /home/snpi/Documents/Benchy/results/hw_verify_20260428_091256/bench_20260428_091345_4f6d3225.json:
  - yolo_results is empty — the runner produced no rows
