2026-05-01 10:54:21 - benchmark.cli - INFO - Starting benchmark run: bench_20260501_105421_7a31e56a
2026-05-01 10:54:21 - benchmark.cli - INFO - Platform: rpi_ai_hat_plus_2
2026-05-01 10:54:21 - benchmark.cli - INFO - Profile: default
2026-05-01 10:54:21 - benchmark.cli - INFO - Running YOLO benchmarks...
2026-05-01 10:54:21 - benchmark.cli - INFO - Using CLI-specified YOLO model: yolo26n-pose.pt
2026-05-01 10:54:21 - benchmark.cli - INFO - Inferred version: v26, task: pose
2026-05-01 10:54:21 - benchmark.workloads.yolo.backends.hailo - INFO - Detected Hailo device: hailo10h
2026-05-01 10:54:21 - benchmark.workloads.yolo.runner - INFO - Using backend: hailo
2026-05-01 10:54:21 - benchmark.workloads.yolo.runner - INFO - Preparing model: yolo26n-pose.pt
2026-05-01 10:54:21 - benchmark.workloads.yolo.backends.hailo - INFO - Using cached HEF: models/hailo/hailo10h/v26/pose/yolo26n-pose/model.hef
2026-05-01 10:54:21 - benchmark.workloads.yolo.backends.hailo - INFO - Running model sanity check (Phase 3)...
2026-05-01 10:54:21 - benchmark.workloads.yolo.conversion.validation - INFO - Validating HEF model: models/hailo/hailo10h/v26/pose/yolo26n-pose/model.hef
2026-05-01 10:54:21 - benchmark.workloads.yolo.conversion.validation - INFO -   Task: pose
2026-05-01 10:54:22 - benchmark.workloads.yolo.conversion.validation - INFO - Test inference successful in 61.98ms
2026-05-01 10:54:22 - benchmark.workloads.yolo.conversion.validation - INFO - Model validation PASSED
2026-05-01 10:54:22 - benchmark.workloads.yolo.backends.hailo - INFO - Model validation PASSED
2026-05-01 10:54:22 - benchmark.workloads.yolo.backends.hailo - INFO -   Input layers: 1
2026-05-01 10:54:22 - benchmark.workloads.yolo.backends.hailo - INFO -   Output layers: 9
2026-05-01 10:54:22 - benchmark.workloads.yolo.backends.hailo - INFO -   Detected classes: 1
2026-05-01 10:54:22 - benchmark.workloads.yolo.backends.hailo - INFO -   Test inference: 61.98ms
2026-05-01 10:54:22 - benchmark.workloads.yolo.backends.hailo - INFO - Loading HEF: models/hailo/hailo10h/v26/pose/yolo26n-pose/model.hef
2026-05-01 10:54:23 - benchmark.workloads.yolo.backends.hailo - INFO - HEF loaded successfully
2026-05-01 10:54:23 - benchmark.workloads.yolo.backends.hailo - INFO - Initialized post-processor for pose with 1 classes
2026-05-01 10:54:23 - benchmark.workloads.yolo.runner - INFO - Starting benchmark: 3 warmup, 10 measured runs (Phase 5 enforcement)
2026-05-01 10:54:23 - benchmark.workloads.yolo.execution - INFO - Starting warmup phase: 3 runs (excluded from metrics)
2026-05-01 10:54:23 - benchmark.workloads.yolo.postprocessing - WARNING - Pose output last-dim 51, expected 56; attempting best-effort decode.
2026-05-01 10:54:23 - benchmark.workloads.yolo.backends.hailo - ERROR - Inference failed: cannot reshape array of size 2622 into shape (17,3)
2026-05-01 10:54:23 - benchmark.workloads.yolo.execution - ERROR - Benchmark failed: Warmup run 1 failed: Inference failed: cannot reshape array of size 2622 into shape (17,3)
2026-05-01 10:54:24 - benchmark.cli - ERROR -   Failed: Benchmark execution failed in phase failed: Warmup run 1 failed: Inference failed: cannot reshape array of size 2622 into shape (17,3)
2026-05-01 10:54:24 - benchmark.cli - INFO - JSON results written to: /home/vpn/Documents/Benchy/results/hw_verify_20260501_105318/bench_20260501_105421_7a31e56a.json

Benchmark Complete: bench_20260501_105421_7a31e56a
----------------------------------------
Results saved to: /home/vpn/Documents/Benchy/results/hw_verify_20260501_105318
Validation FAILED for /home/vpn/Documents/Benchy/results/hw_verify_20260501_105318/bench_20260501_105421_7a31e56a.json:
  - yolo_results is empty — the runner produced no rows
