2026-04-30 22:45:01 - benchmark.cli - INFO - Starting benchmark run: bench_20260430_224501_dcdd8571
2026-04-30 22:45:01 - benchmark.cli - INFO - Platform: rpi_ai_hat_plus_2
2026-04-30 22:45:01 - benchmark.cli - INFO - Profile: default
2026-04-30 22:45:01 - benchmark.cli - INFO - Running YOLO benchmarks...
2026-04-30 22:45:01 - benchmark.cli - INFO - Using CLI-specified YOLO model: yolov8s-pose.pt
2026-04-30 22:45:01 - benchmark.cli - INFO - Inferred version: v8, task: pose
2026-04-30 22:45:01 - benchmark.workloads.yolo.backends.hailo - INFO - Detected Hailo device: hailo10h
2026-04-30 22:45:01 - benchmark.workloads.yolo.runner - INFO - Using backend: hailo
2026-04-30 22:45:01 - benchmark.workloads.yolo.runner - INFO - Preparing model: yolov8s-pose.pt
2026-04-30 22:45:01 - benchmark.workloads.yolo.conversion.hef_source - INFO - No prebuilt HEF for v8/pose/s/hailo10h. Drop a file named 'v8_pose_s_hailo10h.hef' into /home/vpn/Documents/Benchy/resources/hefs (compile on x86_64), or rely on the conversion pipeline (which requires the Hailo Dataflow Compiler — x86_64 only).
2026-04-30 22:45:01 - benchmark.workloads.yolo.backends.hailo - INFO - HEF not found at models/hailo/hailo10h/v8/pose/yolov8s-pose/model.hef, starting conversion pipeline...
2026-04-30 22:45:01 - benchmark.workloads.yolo.backends.hailo - INFO - Starting model conversion for yolov8s-pose.pt
2026-04-30 22:45:03 - benchmark.workloads.yolo.backends.hailo - WARNING - Hailo SDK not available for HAR generation. Only ONNX export will be performed.
2026-04-30 22:45:03 - benchmark.workloads.yolo.backends.hailo - WARNING - Hailo Dataflow Compiler not available for HEF compilation. Pipeline will stop at HAR.
2026-04-30 22:45:03 - benchmark.workloads.yolo.conversion.pipeline - INFO - Starting conversion pipeline for yolov8s-pose.pt
2026-04-30 22:45:03 - benchmark.workloads.yolo.conversion.pipeline - INFO -   YOLO version: v8
2026-04-30 22:45:03 - benchmark.workloads.yolo.conversion.pipeline - INFO -   Task: pose
2026-04-30 22:45:03 - benchmark.workloads.yolo.conversion.pipeline - INFO -   Target: hailo10h
2026-04-30 22:45:03 - benchmark.workloads.yolo.conversion.pipeline - INFO - Stage 1/3: ONNX Export
2026-04-30 22:45:03 - benchmark.workloads.yolo.conversion.onnx_export - INFO - Exporting yolov8s-pose.pt to ONNX...
2026-04-30 22:45:03 - benchmark.workloads.yolo.conversion.onnx_export - INFO -   Resolution: 640x640
2026-04-30 22:45:03 - benchmark.workloads.yolo.conversion.onnx_export - INFO -   Batch size: 1
2026-04-30 22:45:03 - benchmark.workloads.yolo.conversion.onnx_export - INFO -   Opset: 11
[KDownloading https://github.com/ultralytics/assets/releases/download/v8.4.0/yolov8s-pose.pt to 'yolov8s-pose.pt': 3% ──────────── 780.7KB/22.4MB 7.5MB/s 0.1s<2.9s[KDownloading https://github.com/ultralytics/assets/releases/download/v8.4.0/yolov8s-pose.pt to 'yolov8s-pose.pt': 13% ━╸────────── 2.9/22.4MB 21.5MB/s 0.2s<0.9s[KDownloading https://github.com/ultralytics/assets/releases/download/v8.4.0/yolov8s-pose.pt to 'yolov8s-pose.pt': 23% ━━╸───────── 5.2/22.4MB 23.0MB/s 0.3s<0.7s[KDownloading https://github.com/ultralytics/assets/releases/download/v8.4.0/yolov8s-pose.pt to 'yolov8s-pose.pt': 34% ━━━━──────── 7.7/22.4MB 24.6MB/s 0.4s<0.6s[KDownloading https://github.com/ultralytics/assets/releases/download/v8.4.0/yolov8s-pose.pt to 'yolov8s-pose.pt': 40% ━━━━╸─────── 8.9/22.4MB 6.7MB/s 0.6s<2.0s[KDownloading https://github.com/ultralytics/assets/releases/download/v8.4.0/yolov8s-pose.pt to 'yolov8s-pose.pt': 63% ━━━━━━━╸──── 14.1/22.4MB 51.4MB/s 0.7s<0.2s[KDownloading https://github.com/ultralytics/assets/releases/download/v8.4.0/yolov8s-pose.pt to 'yolov8s-pose.pt': 74% ━━━━━━━━╸─── 16.6/22.4MB 25.5MB/s 0.8s<0.2s[KDownloading https://github.com/ultralytics/assets/releases/download/v8.4.0/yolov8s-pose.pt to 'yolov8s-pose.pt': 78% ━━━━━━━━━─── 17.5/22.4MB 5.1MB/s 1.0s<1.0s[KDownloading https://github.com/ultralytics/assets/releases/download/v8.4.0/yolov8s-pose.pt to 'yolov8s-pose.pt': 100% ━━━━━━━━━━━━ 22.4MB 21.6MB/s 1.0s
Ultralytics 8.4.11 🚀 Python-3.11.2 torch-2.10.0+cpu CPU (aarch64)
YOLOv8s-pose summary (fused): 81 layers, 11,615,724 parameters, 0 gradients, 30.2 GFLOPs

[34m[1mPyTorch:[0m starting from 'yolov8s-pose.pt' with input shape (1, 3, 640, 640) BCHW and output shape(s) (1, 56, 8400) (22.4 MB)

[34m[1mONNX:[0m starting export with onnx 1.21.0 opset 11...
[34m[1mONNX:[0m slimming with onnxslim 0.1.91...
[0;93m2026-04-30 22:45:12.718364483 [W:onnxruntime:Default, device_discovery.cc:283 GetGpuDevices] Failed to detect devices under "/sys/class/drm/card1": device_discovery.cc:93 ReadFileContents Failed to open file: "/sys/class/drm/card1/device/vendor"[m
[0;93m2026-04-30 22:45:12.718700422 [W:onnxruntime:Default, device_discovery.cc:283 GetGpuDevices] Failed to detect devices under "/sys/class/drm/card0": device_discovery.cc:93 ReadFileContents Failed to open file: "/sys/class/drm/card0/device/vendor"[m
[34m[1mONNX:[0m export success ✅ 4.8s, saved as 'yolov8s-pose.onnx' (44.6 MB)

Export complete (8.2s)
Results saved to [1m/home/vpn/Documents/Benchy[0m
Predict:         yolo predict task=pose model=yolov8s-pose.onnx imgsz=640 
Validate:        yolo val task=pose model=yolov8s-pose.onnx imgsz=640 data=/usr/src/app/ultralytics/datasets/coco-pose.yaml  
Visualize:       https://netron.app
2026-04-30 22:45:13 - benchmark.workloads.yolo.conversion.onnx_export - INFO - ONNX validation passed
2026-04-30 22:45:14 - benchmark.workloads.yolo.conversion.onnx_export - INFO - ONNX exported successfully: models/hailo/v8/pose/yolov8s-pose/model.onnx
2026-04-30 22:45:14 - benchmark.workloads.yolo.conversion.pipeline - INFO -   ONNX exported: models/hailo/v8/pose/yolov8s-pose/model.onnx
2026-04-30 22:45:14 - benchmark.cli - ERROR -   Failed: ONNX file generated but Hailo SDK not available. ONNX file at: models/hailo/v8/pose/yolov8s-pose/model.onnx. Please complete conversion using Hailo SDK.
2026-04-30 22:45:14 - benchmark.cli - INFO - JSON results written to: /home/vpn/Documents/Benchy/results/hw_verify_20260430_224436/bench_20260430_224501_dcdd8571.json

Benchmark Complete: bench_20260430_224501_dcdd8571
----------------------------------------
Results saved to: /home/vpn/Documents/Benchy/results/hw_verify_20260430_224436
Validation FAILED for /home/vpn/Documents/Benchy/results/hw_verify_20260430_224436/bench_20260430_224501_dcdd8571.json:
  - yolo_results is empty — the runner produced no rows
