2026-05-04 14:00:29 - benchmark.cli - INFO - Starting benchmark run: bench_20260504_140029_7d64d846
2026-05-04 14:00:29 - benchmark.cli - INFO - Platform: rpi_ai_hat_plus_2
2026-05-04 14:00:29 - benchmark.cli - INFO - Profile: default
2026-05-04 14:00:29 - benchmark.cli - INFO - Running YOLO benchmarks...
2026-05-04 14:00:29 - benchmark.cli - INFO - Using CLI-specified YOLO model: yolo11n-seg.pt
2026-05-04 14:00:29 - benchmark.cli - INFO - Inferred version: v11, task: segmentation
2026-05-04 14:00:29 - benchmark.workloads.yolo.backends.hailo - INFO - Detected Hailo device: hailo10h
2026-05-04 14:00:29 - benchmark.workloads.yolo.runner - INFO - Using backend: hailo
2026-05-04 14:00:29 - benchmark.workloads.yolo.runner - INFO - Preparing model: yolo11n-seg.pt
2026-05-04 14:00:29 - benchmark.workloads.yolo.backends.hailo - INFO - Using cached HEF: models/hailo/hailo10h/v11/segmentation/yolo11n-seg/model.hef
2026-05-04 14:00:29 - benchmark.workloads.yolo.backends.hailo - INFO - Running model sanity check (Phase 3)...
2026-05-04 14:00:29 - benchmark.workloads.yolo.conversion.validation - INFO - Validating HEF model: models/hailo/hailo10h/v11/segmentation/yolo11n-seg/model.hef
2026-05-04 14:00:29 - benchmark.workloads.yolo.conversion.validation - INFO -   Task: segmentation
2026-05-04 14:00:31 - benchmark.workloads.yolo.conversion.validation - INFO - Test inference successful in 89.26ms
2026-05-04 14:00:31 - benchmark.workloads.yolo.conversion.validation - INFO - Model validation PASSED
2026-05-04 14:00:31 - benchmark.workloads.yolo.backends.hailo - INFO - Model validation PASSED
2026-05-04 14:00:31 - benchmark.workloads.yolo.backends.hailo - INFO -   Input layers: 1
2026-05-04 14:00:31 - benchmark.workloads.yolo.backends.hailo - INFO -   Output layers: 10
2026-05-04 14:00:31 - benchmark.workloads.yolo.backends.hailo - INFO -   Detected classes: 80
2026-05-04 14:00:31 - benchmark.workloads.yolo.backends.hailo - INFO -   Test inference: 89.26ms
2026-05-04 14:00:31 - benchmark.workloads.yolo.backends.hailo - INFO - Loading HEF: models/hailo/hailo10h/v11/segmentation/yolo11n-seg/model.hef
2026-05-04 14:00:32 - benchmark.workloads.yolo.backends.hailo - INFO - HEF loaded successfully
2026-05-04 14:00:32 - benchmark.workloads.yolo.backends.hailo - INFO - Initialized post-processor for segmentation with 80 classes
2026-05-04 14:00:32 - benchmark.workloads.yolo.runner - INFO - Starting benchmark: 3 warmup, 10 measured runs (Phase 5 enforcement)
2026-05-04 14:00:32 - benchmark.workloads.yolo.execution - INFO - Starting warmup phase: 3 runs (excluded from metrics)
2026-05-04 14:00:32 - benchmark.workloads.yolo.execution - INFO - Starting measurement phase: 10 runs
2026-05-04 14:00:34 - benchmark.workloads.yolo.execution - INFO - Benchmark complete: 10 measured runs
2026-05-04 14:00:34 - benchmark.workloads.yolo.runner - INFO - Running validation for accuracy metrics...
2026-05-04 14:00:34 - benchmark.workloads.yolo.runner - INFO - Validation not available for Hailo backend
2026-05-04 14:00:34 - benchmark.cli - INFO -   [hailo] Throughput: 12.29 FPS, Latency: 81.38ms
2026-05-04 14:00:34 - benchmark.cli - INFO - JSON results written to: /home/vpn/Documents/Benchy/results/rpi_ai_hat_plus_2/hw_verify_20260504_135953/bench_20260504_140029_7d64d846.json
2026-05-04 14:00:34 - benchmark.cli - INFO - YOLO CSV results written to: /home/vpn/Documents/Benchy/results/rpi_ai_hat_plus_2/hw_verify_20260504_135953/bench_20260504_140029_7d64d846_yolo.csv

Benchmark Complete: bench_20260504_140029_7d64d846
----------------------------------------
YOLO models benchmarked: 1
  Average throughput: 12.29 FPS
Results saved to: /home/vpn/Documents/Benchy/results/rpi_ai_hat_plus_2/hw_verify_20260504_135953
OK: /home/vpn/Documents/Benchy/results/rpi_ai_hat_plus_2/hw_verify_20260504_135953/bench_20260504_140029_7d64d846.json (1 yolo result row(s))
